Archive member included because of file (symbol)

../../..//mcu/libfitkit/build/libfitkit_f2xx.a(fitkitlib_f2xx.o)
                              build/mcu/main_f2xx.o (initialize_hardware)
../../..//mcu/libfitkit/build/libfitkit_f2xx.a(flash_f2xx.o)
                              ../../..//mcu/libfitkit/build/libfitkit_f2xx.a(fitkitlib_f2xx.o) (flash_init)
../../..//mcu/libfitkit/build/libfitkit_f2xx.a(flash_fpga_f2xx.o)
                              ../../..//mcu/libfitkit/build/libfitkit_f2xx.a(fitkitlib_f2xx.o) (FPGAConfig_init)
../../..//mcu/libfitkit/build/libfitkit_f2xx.a(fpga_f2xx.o)
                              ../../..//mcu/libfitkit/build/libfitkit_f2xx.a(fitkitlib_f2xx.o) (FPGA_init)
../../..//mcu/libfitkit/build/libfitkit_f2xx.a(globfun_f2xx.o)
                              ../../..//mcu/libfitkit/build/libfitkit_f2xx.a(flash_f2xx.o) (long2str)
../../..//mcu/libfitkit/build/libfitkit_f2xx.a(spi_f2xx.o)
                              ../../..//mcu/libfitkit/build/libfitkit_f2xx.a(fitkitlib_f2xx.o) (SPI_Init)
../../..//mcu/libfitkit/build/libfitkit_f2xx.a(terminal_f2xx.o)
                              ../../..//mcu/libfitkit/build/libfitkit_f2xx.a(fitkitlib_f2xx.o) (terminal_init)
../../..//mcu/libfitkit/build/libfitkit_f2xx.a(timer_b_f2xx.o)
                              ../../..//mcu/libfitkit/build/libfitkit_f2xx.a(fitkitlib_f2xx.o) (timerb_init)
../../..//mcu/libfitkit/build/libfitkit_f2xx.a(uart_f2xx.o)
                              ../../..//mcu/libfitkit/build/libfitkit_f2xx.a(terminal_f2xx.o) (serial_init)
../../..//mcu/libfitkit/build/libfitkit_f2xx.a(filetransfer_f2xx.o)
                              ../../..//mcu/libfitkit/build/libfitkit_f2xx.a(fitkitlib_f2xx.o) (SPI_WriteFile)
../../..//mcu/libfitkit/build/libfitkit_f2xx.a(cmd_f2xx.o)
                              ../../..//mcu/libfitkit/build/libfitkit_f2xx.a(terminal_f2xx.o) (term_cmd_clear)
/usr/bin/../lib/gcc-lib/msp430/3.2.3/libgcc.a(__stop_progExec__.o)
                              build/mcu/main_f2xx.o (__stop_progExec__)
/usr/bin/../lib/gcc-lib/msp430/3.2.3/libgcc.a(_mulsi3hw.o)
                              ../../..//mcu/libfitkit/build/libfitkit_f2xx.a(flash_f2xx.o) (__umulsi3hw)
/usr/bin/../lib/gcc-lib/msp430/3.2.3/libgcc.a(_udivmodsi4.o)
                              ../../..//mcu/libfitkit/build/libfitkit_f2xx.a(flash_f2xx.o) (__udivmodsi4)
/usr/bin/../lib/gcc-lib/msp430/3.2.3/libgcc.a(_divmodsi4.o)
                              ../../..//mcu/libfitkit/build/libfitkit_f2xx.a(flash_f2xx.o) (__divmodsi4)
/usr/bin/../lib/gcc-lib/msp430/3.2.3/libgcc.a(_reset_vector__.o)
                              /usr/bin/../lib/gcc-lib/msp430/3.2.3/../../../../msp430/lib/crt430x2617.o (_reset_vector__)
/usr/bin/../lib/gcc-lib/msp430/3.2.3/libgcc.a(__low_level_init.o)
                              /usr/bin/../lib/gcc-lib/msp430/3.2.3/libgcc.a(_reset_vector__.o) (__low_level_init)
/usr/bin/../lib/gcc-lib/msp430/3.2.3/libgcc.a(__init_stack.o)
                              /usr/bin/../lib/gcc-lib/msp430/3.2.3/libgcc.a(_reset_vector__.o) (__init_stack)
/usr/bin/../lib/gcc-lib/msp430/3.2.3/libgcc.a(_copy_data.o)
                              /usr/bin/../lib/gcc-lib/msp430/3.2.3/libgcc.a(_reset_vector__.o) (__do_copy_data)
/usr/bin/../lib/gcc-lib/msp430/3.2.3/libgcc.a(_clear_bss.o)
                              /usr/bin/../lib/gcc-lib/msp430/3.2.3/libgcc.a(_reset_vector__.o) (__do_clear_bss)
/usr/bin/../lib/gcc-lib/msp430/3.2.3/libgcc.a(__jump_to_main.o)
                              /usr/bin/../lib/gcc-lib/msp430/3.2.3/libgcc.a(_reset_vector__.o) (__jump_to_main)
/usr/bin/../lib/gcc-lib/msp430/3.2.3/../../../../msp430/lib/libc.a(isdigit.o)
                              ../../..//mcu/libfitkit/build/libfitkit_f2xx.a(globfun_f2xx.o) (isdigit)
/usr/bin/../lib/gcc-lib/msp430/3.2.3/../../../../msp430/lib/libc.a(strlen.o)
                              build/mcu/display_f2xx.o (strlen)

Allocating common symbols
Common symbol       size              file

BreakFlag           0x1               ../../..//mcu/libfitkit/build/libfitkit_f2xx.a(uart_f2xx.o)
TransmitNum         0x1               ../../..//mcu/libfitkit/build/libfitkit_f2xx.a(uart_f2xx.o)
last_ch             0x1               build/mcu/main_f2xx.o
index_buf           0x1               build/mcu/keyboard_f2xx.o
Cmd_Old             0x1               ../../..//mcu/libfitkit/build/libfitkit_f2xx.a(terminal_f2xx.o)
cb_fun              0x2               ../../..//mcu/libfitkit/build/libfitkit_f2xx.a(filetransfer_f2xx.o)
lcd_shift_addr      0x2               build/mcu/display_f2xx.o
ReceiveNum          0x2               ../../..//mcu/libfitkit/build/libfitkit_f2xx.a(uart_f2xx.o)
lcd_cursor_addr     0x2               build/mcu/display_f2xx.o
cb_buf              0x2               ../../..//mcu/libfitkit/build/libfitkit_f2xx.a(filetransfer_f2xx.o)
CMD_Long            0x4               ../../..//mcu/libfitkit/build/libfitkit_f2xx.a(cmd_f2xx.o)
keyboard_buffer     0x14              build/mcu/keyboard_f2xx.o
CountPage           0x2               ../../..//mcu/libfitkit/build/libfitkit_f2xx.a(flash_f2xx.o)
ReceiveBuf          0x7f              ../../..//mcu/libfitkit/build/libfitkit_f2xx.a(uart_f2xx.o)
ReceiveIndexRec     0x2               ../../..//mcu/libfitkit/build/libfitkit_f2xx.a(uart_f2xx.o)
TransmitBuf         0x64              ../../..//mcu/libfitkit/build/libfitkit_f2xx.a(uart_f2xx.o)
ErrorFlag           0x1               ../../..//mcu/libfitkit/build/libfitkit_f2xx.a(uart_f2xx.o)
ReceiveIndex        0x2               ../../..//mcu/libfitkit/build/libfitkit_f2xx.a(uart_f2xx.o)
TransmitIndexSend   0x1               ../../..//mcu/libfitkit/build/libfitkit_f2xx.a(uart_f2xx.o)
TypeBufferFlash     0x1               ../../..//mcu/libfitkit/build/libfitkit_f2xx.a(flash_f2xx.o)
TransmitIndex       0x1               ../../..//mcu/libfitkit/build/libfitkit_f2xx.a(uart_f2xx.o)
PomRS232            0x1               ../../..//mcu/libfitkit/build/libfitkit_f2xx.a(uart_f2xx.o)
AdrBufferFlash      0x2               ../../..//mcu/libfitkit/build/libfitkit_f2xx.a(flash_f2xx.o)
CMDStr              0x19              ../../..//mcu/libfitkit/build/libfitkit_f2xx.a(cmd_f2xx.o)
Cmd                 0x1               ../../..//mcu/libfitkit/build/libfitkit_f2xx.a(terminal_f2xx.o)
write_index_buf     0x1               build/mcu/keyboard_f2xx.o
chars_in_buf        0x1               build/mcu/keyboard_f2xx.o
CMDStrLen           0x1               ../../..//mcu/libfitkit/build/libfitkit_f2xx.a(cmd_f2xx.o)

Memory Configuration

Name             Origin             Length             Attributes
text             0x0000000000003100 0x000000000000cec0 xr
fartext          0x0000000000010000 0x000000000000a000 xr
data             0x0000000000001100 0x0000000000002000 xrw
vectors          0x000000000000ffc0 0x0000000000000040 rw
bootloader       0x0000000000000c00 0x0000000000000400 xr
infomem          0x0000000000001000 0x0000000000000100 xr
infomemnobits    0x0000000000001000 0x0000000000000100 xr
*default*        0x0000000000000000 0xffffffffffffffff

Linker script and memory map

LOAD /usr/bin/../lib/gcc-lib/msp430/3.2.3/../../../../msp430/lib/crt430x2617.o
LOAD build/mcu/keyboard_f2xx.o
LOAD build/mcu/display_f2xx.o
LOAD build/mcu/main_f2xx.o
LOAD ../../..//mcu/libfitkit/build/libfitkit_f2xx.a
LOAD /usr/bin/../lib/gcc-lib/msp430/3.2.3/libgcc.a
LOAD /usr/bin/../lib/gcc-lib/msp430/3.2.3/../../../../msp430/lib/libc.a
LOAD /usr/bin/../lib/gcc-lib/msp430/3.2.3/libgcc.a

.hash
 *(.hash)

.dynsym
 *(.dynsym)

.dynstr
 *(.dynstr)

.gnu.version
 *(.gnu.version)

.gnu.version_d
 *(.gnu.version_d)

.gnu.version_r
 *(.gnu.version_r)

.rel.init
 *(.rel.init)

.rela.init
 *(.rela.init)

.rel.text
 *(.rel.text)
 *(.rel.text.*)
 *(.rel.gnu.linkonce.t*)

.rela.text
 *(.rela.text)
 *(.rela.text.*)
 *(.rela.gnu.linkonce.t*)

.rel.fini
 *(.rel.fini)

.rela.fini
 *(.rela.fini)

.rel.rodata
 *(.rel.rodata)
 *(.rel.rodata.*)
 *(.rel.gnu.linkonce.r*)

.rela.rodata
 *(.rela.rodata)
 *(.rela.rodata.*)
 *(.rela.gnu.linkonce.r*)

.rel.data
 *(.rel.data)
 *(.rel.data.*)
 *(.rel.gnu.linkonce.d*)

.rela.data
 *(.rela.data)
 *(.rela.data.*)
 *(.rela.gnu.linkonce.d*)

.rel.ctors
 *(.rel.ctors)

.rela.ctors
 *(.rela.ctors)

.rel.dtors
 *(.rel.dtors)

.rela.dtors
 *(.rela.dtors)

.rel.got
 *(.rel.got)

.rela.got
 *(.rela.got)

.rel.bss
 *(.rel.bss)

.rela.bss
 *(.rela.bss)

.rel.plt
 *(.rel.plt)

.rela.plt
 *(.rela.plt)

.text           0x0000000000003100     0x4c96
                0x0000000000003100                . = ALIGN (0x2)
 *(.init)
 *(.init)
 *(.init0)
 .init0         0x0000000000003100        0x0 /usr/bin/../lib/gcc-lib/msp430/3.2.3/libgcc.a(_reset_vector__.o)
                0x0000000000003100                _reset_vector__
 *(.init0)
 *(.init1)
 *(.init1)
 *(.init2)
 .init2         0x0000000000003100        0x4 /usr/bin/../lib/gcc-lib/msp430/3.2.3/libgcc.a(__init_stack.o)
                0x0000000000003100                __init_stack
 *(.init2)
 *(.init3)
 .init3         0x0000000000003104        0x6 /usr/bin/../lib/gcc-lib/msp430/3.2.3/libgcc.a(__low_level_init.o)
                0x0000000000003104                __low_level_init
 *(.init3)
 *(.init4)
 .init4         0x000000000000310a       0x12 /usr/bin/../lib/gcc-lib/msp430/3.2.3/libgcc.a(_copy_data.o)
                0x000000000000310a                __do_copy_data
 .init4         0x000000000000311c       0x10 /usr/bin/../lib/gcc-lib/msp430/3.2.3/libgcc.a(_clear_bss.o)
                0x000000000000311c                __do_clear_bss
 *(.init4)
 *(.init5)
 *(.init5)
 *(.init6)
 *(.init6)
 *(.init7)
 *(.init7)
 *(.init8)
 *(.init8)
 *(.init9)
 .init9         0x000000000000312c        0x4 /usr/bin/../lib/gcc-lib/msp430/3.2.3/libgcc.a(__jump_to_main.o)
                0x000000000000312c                __jump_to_main
 *(.init9)
                0x0000000000003130                __ctors_start = .
 *(.ctors)
 *(.ctors)
                0x0000000000003130                __ctors_end = .
                0x0000000000003130                __dtors_start = .
 *(.dtors)
 *(.dtors)
                0x0000000000003130                __dtors_end = .
                0x0000000000003130                . = ALIGN (0x2)
 *(.text)
 .text          0x0000000000003130        0x6 /usr/bin/../lib/gcc-lib/msp430/3.2.3/../../../../msp430/lib/crt430x2617.o
                0x0000000000003130                vector_ffc0
                0x0000000000003130                vector_ffc8
                0x0000000000003130                vector_ffcc
                0x0000000000003130                _unexpected_1_
                0x0000000000003130                vector_ffe0
                0x0000000000003130                vector_ffc4
                0x0000000000003130                vector_fff0
                0x0000000000003130                vector_ffce
                0x0000000000003130                vector_fffc
                0x0000000000003130                vector_ffe4
                0x0000000000003130                vector_ffd6
                0x0000000000003130                vector_ffc2
                0x0000000000003130                vector_ffd4
                0x0000000000003130                vector_ffc6
                0x0000000000003130                vector_ffd2
                0x0000000000003130                vector_ffca
                0x0000000000003130                vector_ffde
                0x0000000000003130                vector_ffe2
                0x0000000000003130                vector_ffe8
                0x0000000000003134                _unexpected_
                0x0000000000003130                vector_fffa
                0x0000000000003130                vector_fff4
                0x0000000000003130                vector_fff8
                0x0000000000003130                vector_fff2
                0x0000000000003130                vector_ffd8
                0x0000000000003130                vector_ffe6
                0x0000000000003130                vector_ffd0
                0x0000000000003130                vector_ffdc
                0x0000000000003130                vector_fff6
                0x0000000000003130                vector_ffda
                0x0000000000003130                vector_ffea
 .text          0x0000000000003136      0x1aa build/mcu/keyboard_f2xx.o
                0x0000000000003178                keyboard_handle_interrupt
                0x00000000000031c6                key_decode
                0x0000000000003136                keyboard_get_char
 .text          0x00000000000032e0      0x282 build/mcu/display_f2xx.o
                0x000000000000333c                LCD_clear
                0x0000000000003532                LCD_rotate
                0x000000000000336e                LCD_init
                0x00000000000034ac                LCD_write_string
                0x00000000000033b8                LCD_load_char
                0x000000000000339a                LCD_char2dis
                0x0000000000003428                LCD_append_char
                0x00000000000034d0                LCD_append_string
                0x00000000000032e0                LCD_send_cmd
 .text          0x0000000000003562      0x2d2 build/mcu/main_f2xx.o
                0x00000000000036fc                keyboard_idle
                0x00000000000035d2                print_song
                0x0000000000003598                print_note
                0x000000000000356c                decode_user_cmd
                0x0000000000003562                print_user_help
                0x000000000000367a                print_hlaska
                0x00000000000037f8                main
                0x000000000000358e                fpga_initialized
 .text          0x0000000000003834      0x40e ../../..//mcu/libfitkit/build/libfitkit_f2xx.a(fitkitlib_f2xx.o)
                0x0000000000003860                clock_system_init
                0x0000000000003834                delay_cycle
                0x00000000000038aa                smclk_stop
                0x000000000000392e                fpga_configure_from_flash
                0x0000000000003b22                initialize_hardware_
                0x0000000000003c32                initialize_hardware
                0x0000000000003a2c                fpga_configure_from_mcu
 .text          0x0000000000003c42     0x1448 ../../..//mcu/libfitkit/build/libfitkit_f2xx.a(flash_f2xx.o)
                0x0000000000004d18                FLASH_Dump_Page
                0x0000000000004c04                FLASH_EraseAll
                0x0000000000004598                FLASH_ReadDataBuffer
                0x0000000000004b58                FLASH_ErasePage
                0x000000000000403c                FLASH_print_status
                0x0000000000004cbc                FLASH_Dump_Block
                0x0000000000004dc8                FLASH_Dump_Adr
                0x0000000000003d3a                flash_init
                0x0000000000004bae                FLASH_EraseBlock
                0x0000000000004786                FLASH_ReadDataA
                0x0000000000004508                FLASH_WriteDataBuffer
                0x0000000000003e36                FLASH_availablepages
                0x000000000000471c                FLASH_isPageBlank
                0x0000000000003f16                FLASH_IsReady
                0x0000000000003ea4                FLASH_blocks
                0x0000000000003c42                FLASH_PageToAddr
                0x000000000000443c                FLASH_WriteToBuffer
                0x0000000000004a8a                FLASH_WriteByte
                0x00000000000046ae                FLASH_ReadData_Finalize
                0x0000000000004880                FLASH_ReadMemoryBuffer
                0x0000000000003ebe                FLASH_size
                0x0000000000004c6c                FLASH_Dump_All
                0x0000000000003c74                flash_init_
                0x000000000000480a                FLASH_WriteBufferMemory
                0x0000000000004634                FLASH_ReadData_Initialize
                0x00000000000046bc                FLASH_ReadData
                0x0000000000004b2e                FLASH_EraseByte
                0x0000000000003ee4                FLASH_ReadStatus
                0x0000000000004904                FLASH_ProgFPGA
 .text          0x000000000000508a      0x418 ../../..//mcu/libfitkit/build/libfitkit_f2xx.a(flash_fpga_f2xx.o)
                0x000000000000508a                delay_cycle_
                0x0000000000005236                FPGAConfig_finalize
                0x0000000000005288                FPGAConfig_detect_fpga
                0x0000000000005150                FPGAConfig_initialize
                0x00000000000050b6                FPGAConfig_init
 .text          0x00000000000054a2      0x290 ../../..//mcu/libfitkit/build/libfitkit_f2xx.a(fpga_f2xx.o)
                0x00000000000054d8                FPGA_SPI_RW_A8_D8
                0x0000000000005528                FPGA_SPI_RW_A8_D16
                0x000000000000563c                FPGA_SPI_RW_AN_DN
                0x000000000000559e                FPGA_SPI_RW_A8_DN
                0x00000000000054a2                FPGA_init
                0x00000000000054b4                FPGA_reset
 .text          0x0000000000005732      0x706 ../../..//mcu/libfitkit/build/libfitkit_f2xx.a(globfun_f2xx.o)
                0x0000000000005732                chr2bin
                0x0000000000005844                chr2digit
                0x00000000000057ec                chr2hex
                0x0000000000005be6                strrev
                0x0000000000005976                str2long
                0x0000000000005a46                str2long_2x
                0x00000000000058c0                hex2chr
                0x00000000000057a0                digit2chr
                0x0000000000005c52                strupper
                0x0000000000005ce8                long2str
                0x0000000000005914                rchr
 .text          0x0000000000005e38       0xb8 ../../..//mcu/libfitkit/build/libfitkit_f2xx.a(spi_f2xx.o)
                0x0000000000005e7a                SPI_Close
                0x0000000000005e94                SPI_read_wait_write
                0x0000000000005ec4                SPI_write_wait_read
                0x0000000000005e38                SPI_Init
 .text          0x0000000000005ef0      0x926 ../../..//mcu/libfitkit/build/libfitkit_f2xx.a(terminal_f2xx.o)
                0x0000000000005f14                terminal_init
                0x0000000000006220                terminal_idle_cb
                0x0000000000006806                terminal_idle
 .text          0x0000000000006816       0xdc ../../..//mcu/libfitkit/build/libfitkit_f2xx.a(timer_b_f2xx.o)
                0x0000000000006816                timerb_init
                0x000000000000682c                delay_ms
 .text          0x00000000000068f2      0x3b0 ../../..//mcu/libfitkit/build/libfitkit_f2xx.a(uart_f2xx.o)
                0x0000000000006a28                term_send_str
                0x0000000000006c2c                TxintrRS232
                0x0000000000006a66                term_send_num
                0x0000000000006aa8                term_send_hex
                0x0000000000006c6a                RxintrRS232
                0x0000000000006c2c                vector_ffec
                0x0000000000006b2c                term_rcv_block
                0x00000000000069ca                term_send_char_idle
                0x0000000000006956                serial_close
                0x0000000000006c6a                vector_ffee
                0x0000000000006bca                term_rcv_char_t
                0x00000000000068f2                serial_init
                0x00000000000069f0                term_send_char_hex
                0x0000000000006aea                term_rcv_char
                0x0000000000006986                term_send_char
 .text          0x0000000000006ca2      0x83e ../../..//mcu/libfitkit/build/libfitkit_f2xx.a(filetransfer_f2xx.o)
                0x0000000000006d60                send_header
                0x000000000000724a                SPI_WriteFile
                0x0000000000007192                sendPageSPI
                0x000000000000740e                ReceiveFile
                0x0000000000006ec8                writePageToFlash
                0x00000000000072e4                FLASH_WriteFile
                0x0000000000006ca2                serial_rx_timeout
                0x0000000000007340                cbPage
                0x0000000000007064                transmittFile
                0x0000000000006cfc                serial_tx_buf
 .text          0x00000000000074e0      0x7f2 ../../..//mcu/libfitkit/build/libfitkit_f2xx.a(cmd_f2xx.o)
                0x00000000000075ba                term_cmd_decode
                0x00000000000074ee                term_cmd_read
                0x00000000000074e0                term_cmd_clear
 .text          0x0000000000007cd2        0x0 /usr/bin/../lib/gcc-lib/msp430/3.2.3/libgcc.a(__stop_progExec__.o)
 .text          0x0000000000007cd2        0x0 /usr/bin/../lib/gcc-lib/msp430/3.2.3/libgcc.a(_mulsi3hw.o)
 .text          0x0000000000007cd2        0x0 /usr/bin/../lib/gcc-lib/msp430/3.2.3/libgcc.a(_udivmodsi4.o)
 .text          0x0000000000007cd2        0x0 /usr/bin/../lib/gcc-lib/msp430/3.2.3/libgcc.a(_divmodsi4.o)
 .text          0x0000000000007cd2        0x0 /usr/bin/../lib/gcc-lib/msp430/3.2.3/libgcc.a(_reset_vector__.o)
 .text          0x0000000000007cd2        0x0 /usr/bin/../lib/gcc-lib/msp430/3.2.3/libgcc.a(__low_level_init.o)
 .text          0x0000000000007cd2        0x0 /usr/bin/../lib/gcc-lib/msp430/3.2.3/libgcc.a(__init_stack.o)
 .text          0x0000000000007cd2        0x0 /usr/bin/../lib/gcc-lib/msp430/3.2.3/libgcc.a(_copy_data.o)
 .text          0x0000000000007cd2        0x0 /usr/bin/../lib/gcc-lib/msp430/3.2.3/libgcc.a(_clear_bss.o)
 .text          0x0000000000007cd2        0x0 /usr/bin/../lib/gcc-lib/msp430/3.2.3/libgcc.a(__jump_to_main.o)
 .text          0x0000000000007cd2       0x12 /usr/bin/../lib/gcc-lib/msp430/3.2.3/../../../../msp430/lib/libc.a(isdigit.o)
                0x0000000000007cd2                isdigit
 .text          0x0000000000007ce4       0x14 /usr/bin/../lib/gcc-lib/msp430/3.2.3/../../../../msp430/lib/libc.a(strlen.o)
                0x0000000000007ce4                strlen
                0x0000000000007cf8                . = ALIGN (0x2)
 *(.text.*)
 .text.libgcc   0x0000000000007cf8        0x0 /usr/bin/../lib/gcc-lib/msp430/3.2.3/libgcc.a(__stop_progExec__.o)
 .text.libgcc   0x0000000000007cf8       0x28 /usr/bin/../lib/gcc-lib/msp430/3.2.3/libgcc.a(_mulsi3hw.o)
                0x0000000000007cf8                __umulsi3hw
 .text.libgcc   0x0000000000007d20       0x2a /usr/bin/../lib/gcc-lib/msp430/3.2.3/libgcc.a(_udivmodsi4.o)
                0x0000000000007d20                __udivmodsi4
 .text.libgcc   0x0000000000007d4a       0x4a /usr/bin/../lib/gcc-lib/msp430/3.2.3/libgcc.a(_divmodsi4.o)
                0x0000000000007d4a                __divmodsi4
 .text.libgcc   0x0000000000007d94        0x0 /usr/bin/../lib/gcc-lib/msp430/3.2.3/libgcc.a(_reset_vector__.o)
 .text.libgcc   0x0000000000007d94        0x0 /usr/bin/../lib/gcc-lib/msp430/3.2.3/libgcc.a(__low_level_init.o)
 .text.libgcc   0x0000000000007d94        0x0 /usr/bin/../lib/gcc-lib/msp430/3.2.3/libgcc.a(__init_stack.o)
 .text.libgcc   0x0000000000007d94        0x0 /usr/bin/../lib/gcc-lib/msp430/3.2.3/libgcc.a(_copy_data.o)
 .text.libgcc   0x0000000000007d94        0x0 /usr/bin/../lib/gcc-lib/msp430/3.2.3/libgcc.a(_clear_bss.o)
 .text.libgcc   0x0000000000007d94        0x0 /usr/bin/../lib/gcc-lib/msp430/3.2.3/libgcc.a(__jump_to_main.o)
                0x0000000000007d94                . = ALIGN (0x2)
 *(.fini9)
 .fini9         0x0000000000007d94        0x0 /usr/bin/../lib/gcc-lib/msp430/3.2.3/libgcc.a(__stop_progExec__.o)
                0x0000000000007d94                __stop_progExec__
 *(.fini9)
 *(.fini8)
 *(.fini8)
 *(.fini7)
 *(.fini7)
 *(.fini6)
 *(.fini6)
 *(.fini5)
 *(.fini5)
 *(.fini4)
 *(.fini4)
 *(.fini3)
 *(.fini3)
 *(.fini2)
 *(.fini2)
 *(.fini1)
 *(.fini1)
 *(.fini0)
 .fini0         0x0000000000007d94        0x2 /usr/bin/../lib/gcc-lib/msp430/3.2.3/libgcc.a(__stop_progExec__.o)
 *(.fini0)
 *(.fini)
 *(.fini)
                0x0000000000007d96                _etext = .

.data           0x0000000000001100        0x8 load address 0x0000000000007d96
                0x0000000000001100                PROVIDE (__data_start, .)
                0x0000000000001100                . = ALIGN (0x2)
 *(.data)
 .data          0x0000000000001100        0x0 /usr/bin/../lib/gcc-lib/msp430/3.2.3/../../../../msp430/lib/crt430x2617.o
 .data          0x0000000000001100        0x0 build/mcu/keyboard_f2xx.o
 .data          0x0000000000001100        0x0 build/mcu/display_f2xx.o
 .data          0x0000000000001100        0x1 build/mcu/main_f2xx.o
                0x0000000000001100                char_cnt
 *fill*         0x0000000000001101        0x1 00
 .data          0x0000000000001102        0x4 ../../..//mcu/libfitkit/build/libfitkit_f2xx.a(fitkitlib_f2xx.o)
                0x0000000000001102                FPGA_config_length
 .data          0x0000000000001106        0x2 ../../..//mcu/libfitkit/build/libfitkit_f2xx.a(flash_f2xx.o)
                0x0000000000001106                CNT_PAGES
 .data          0x0000000000001108        0x0 ../../..//mcu/libfitkit/build/libfitkit_f2xx.a(flash_fpga_f2xx.o)
 .data          0x0000000000001108        0x0 ../../..//mcu/libfitkit/build/libfitkit_f2xx.a(fpga_f2xx.o)
 .data          0x0000000000001108        0x0 ../../..//mcu/libfitkit/build/libfitkit_f2xx.a(globfun_f2xx.o)
 .data          0x0000000000001108        0x0 ../../..//mcu/libfitkit/build/libfitkit_f2xx.a(spi_f2xx.o)
 .data          0x0000000000001108        0x0 ../../..//mcu/libfitkit/build/libfitkit_f2xx.a(terminal_f2xx.o)
 .data          0x0000000000001108        0x0 ../../..//mcu/libfitkit/build/libfitkit_f2xx.a(timer_b_f2xx.o)
 .data          0x0000000000001108        0x0 ../../..//mcu/libfitkit/build/libfitkit_f2xx.a(uart_f2xx.o)
 .data          0x0000000000001108        0x0 ../../..//mcu/libfitkit/build/libfitkit_f2xx.a(filetransfer_f2xx.o)
 .data          0x0000000000001108        0x0 ../../..//mcu/libfitkit/build/libfitkit_f2xx.a(cmd_f2xx.o)
 .data          0x0000000000001108        0x0 /usr/bin/../lib/gcc-lib/msp430/3.2.3/libgcc.a(__stop_progExec__.o)
 .data          0x0000000000001108        0x0 /usr/bin/../lib/gcc-lib/msp430/3.2.3/libgcc.a(_mulsi3hw.o)
 .data          0x0000000000001108        0x0 /usr/bin/../lib/gcc-lib/msp430/3.2.3/libgcc.a(_udivmodsi4.o)
 .data          0x0000000000001108        0x0 /usr/bin/../lib/gcc-lib/msp430/3.2.3/libgcc.a(_divmodsi4.o)
 .data          0x0000000000001108        0x0 /usr/bin/../lib/gcc-lib/msp430/3.2.3/libgcc.a(_reset_vector__.o)
 .data          0x0000000000001108        0x0 /usr/bin/../lib/gcc-lib/msp430/3.2.3/libgcc.a(__low_level_init.o)
 .data          0x0000000000001108        0x0 /usr/bin/../lib/gcc-lib/msp430/3.2.3/libgcc.a(__init_stack.o)
 .data          0x0000000000001108        0x0 /usr/bin/../lib/gcc-lib/msp430/3.2.3/libgcc.a(_copy_data.o)
 .data          0x0000000000001108        0x0 /usr/bin/../lib/gcc-lib/msp430/3.2.3/libgcc.a(_clear_bss.o)
 .data          0x0000000000001108        0x0 /usr/bin/../lib/gcc-lib/msp430/3.2.3/libgcc.a(__jump_to_main.o)
 .data          0x0000000000001108        0x0 /usr/bin/../lib/gcc-lib/msp430/3.2.3/../../../../msp430/lib/libc.a(isdigit.o)
 .data          0x0000000000001108        0x0 /usr/bin/../lib/gcc-lib/msp430/3.2.3/../../../../msp430/lib/libc.a(strlen.o)
 *(SORT(.data.*))
                0x0000000000001108                . = ALIGN (0x2)
 *(.gnu.linkonce.d*)
                0x0000000000001108                . = ALIGN (0x2)
                0x0000000000001108                _edata = .
                0x0000000000007d96                PROVIDE (__data_load_start, LOADADDR (.data))
                0x0000000000000008                PROVIDE (__data_size, SIZEOF (.data))

.bootloader     0x0000000000000c00        0x0
                0x0000000000000c00                PROVIDE (__boot_start, .)
 *(.bootloader)
                0x0000000000000c00                . = ALIGN (0x2)
 *(.bootloader.*)

.infomem        0x0000000000001000        0x0
 *(.infomem)
                0x0000000000001000                . = ALIGN (0x2)
 *(.infomem.*)

.infomemnobits  0x0000000000001000        0x0
 *(.infomemnobits)
                0x0000000000001000                . = ALIGN (0x2)
 *(.infomemnobits.*)

.bss            0x0000000000001108      0x13a
                0x0000000000001108                PROVIDE (__bss_start, .)
 *(.bss)
 .bss           0x0000000000001108        0x0 /usr/bin/../lib/gcc-lib/msp430/3.2.3/../../../../msp430/lib/crt430x2617.o
 .bss           0x0000000000001108        0x0 build/mcu/keyboard_f2xx.o
 .bss           0x0000000000001108        0x0 build/mcu/display_f2xx.o
 .bss           0x0000000000001108        0x0 build/mcu/main_f2xx.o
 .bss           0x0000000000001108        0x0 ../../..//mcu/libfitkit/build/libfitkit_f2xx.a(fitkitlib_f2xx.o)
 .bss           0x0000000000001108        0x0 ../../..//mcu/libfitkit/build/libfitkit_f2xx.a(flash_f2xx.o)
 .bss           0x0000000000001108        0x0 ../../..//mcu/libfitkit/build/libfitkit_f2xx.a(flash_fpga_f2xx.o)
 .bss           0x0000000000001108        0x0 ../../..//mcu/libfitkit/build/libfitkit_f2xx.a(fpga_f2xx.o)
 .bss           0x0000000000001108        0x0 ../../..//mcu/libfitkit/build/libfitkit_f2xx.a(globfun_f2xx.o)
 .bss           0x0000000000001108        0x0 ../../..//mcu/libfitkit/build/libfitkit_f2xx.a(spi_f2xx.o)
 .bss           0x0000000000001108        0x0 ../../..//mcu/libfitkit/build/libfitkit_f2xx.a(terminal_f2xx.o)
 .bss           0x0000000000001108        0x0 ../../..//mcu/libfitkit/build/libfitkit_f2xx.a(timer_b_f2xx.o)
 .bss           0x0000000000001108        0x0 ../../..//mcu/libfitkit/build/libfitkit_f2xx.a(uart_f2xx.o)
 .bss           0x0000000000001108        0x0 ../../..//mcu/libfitkit/build/libfitkit_f2xx.a(filetransfer_f2xx.o)
 .bss           0x0000000000001108        0x0 ../../..//mcu/libfitkit/build/libfitkit_f2xx.a(cmd_f2xx.o)
 .bss           0x0000000000001108        0x0 /usr/bin/../lib/gcc-lib/msp430/3.2.3/libgcc.a(__stop_progExec__.o)
 .bss           0x0000000000001108        0x0 /usr/bin/../lib/gcc-lib/msp430/3.2.3/libgcc.a(_mulsi3hw.o)
 .bss           0x0000000000001108        0x0 /usr/bin/../lib/gcc-lib/msp430/3.2.3/libgcc.a(_udivmodsi4.o)
 .bss           0x0000000000001108        0x0 /usr/bin/../lib/gcc-lib/msp430/3.2.3/libgcc.a(_divmodsi4.o)
 .bss           0x0000000000001108        0x0 /usr/bin/../lib/gcc-lib/msp430/3.2.3/libgcc.a(_reset_vector__.o)
 .bss           0x0000000000001108        0x0 /usr/bin/../lib/gcc-lib/msp430/3.2.3/libgcc.a(__low_level_init.o)
 .bss           0x0000000000001108        0x0 /usr/bin/../lib/gcc-lib/msp430/3.2.3/libgcc.a(__init_stack.o)
 .bss           0x0000000000001108        0x0 /usr/bin/../lib/gcc-lib/msp430/3.2.3/libgcc.a(_copy_data.o)
 .bss           0x0000000000001108        0x0 /usr/bin/../lib/gcc-lib/msp430/3.2.3/libgcc.a(_clear_bss.o)
 .bss           0x0000000000001108        0x0 /usr/bin/../lib/gcc-lib/msp430/3.2.3/libgcc.a(__jump_to_main.o)
 .bss           0x0000000000001108        0x0 /usr/bin/../lib/gcc-lib/msp430/3.2.3/../../../../msp430/lib/libc.a(isdigit.o)
 .bss           0x0000000000001108        0x0 /usr/bin/../lib/gcc-lib/msp430/3.2.3/../../../../msp430/lib/libc.a(strlen.o)
 *(SORT(.bss.*))
 *(COMMON)
 COMMON         0x0000000000001108       0x18 build/mcu/keyboard_f2xx.o
                0x0000000000001108                index_buf
                0x000000000000110a                keyboard_buffer
                0x000000000000111e                write_index_buf
                0x000000000000111f                chars_in_buf
 COMMON         0x0000000000001120        0x4 build/mcu/display_f2xx.o
                0x0000000000001120                lcd_shift_addr
                0x0000000000001122                lcd_cursor_addr
 COMMON         0x0000000000001124        0x1 build/mcu/main_f2xx.o
                0x0000000000001124                last_ch
 *fill*         0x0000000000001125        0x1 00
 COMMON         0x0000000000001126        0x6 ../../..//mcu/libfitkit/build/libfitkit_f2xx.a(flash_f2xx.o)
                0x0000000000001126                CountPage
                0x0000000000001128                TypeBufferFlash
                0x000000000000112a                AdrBufferFlash
 COMMON         0x000000000000112c        0x2 ../../..//mcu/libfitkit/build/libfitkit_f2xx.a(terminal_f2xx.o)
                0x000000000000112c                Cmd_Old
                0x000000000000112d                Cmd
 COMMON         0x000000000000112e       0xf1 ../../..//mcu/libfitkit/build/libfitkit_f2xx.a(uart_f2xx.o)
                0x000000000000112e                BreakFlag
                0x000000000000112f                TransmitNum
                0x0000000000001130                ReceiveNum
                0x0000000000001132                ReceiveBuf
                0x00000000000011b2                ReceiveIndexRec
                0x00000000000011b4                TransmitBuf
                0x0000000000001218                ErrorFlag
                0x000000000000121a                ReceiveIndex
                0x000000000000121c                TransmitIndexSend
                0x000000000000121d                TransmitIndex
                0x000000000000121e                PomRS232
 *fill*         0x000000000000121f        0x1 00
 COMMON         0x0000000000001220        0x4 ../../..//mcu/libfitkit/build/libfitkit_f2xx.a(filetransfer_f2xx.o)
                0x0000000000001220                cb_fun
                0x0000000000001222                cb_buf
 COMMON         0x0000000000001224       0x1e ../../..//mcu/libfitkit/build/libfitkit_f2xx.a(cmd_f2xx.o)
                0x0000000000001224                CMD_Long
                0x0000000000001228                CMDStr
                0x0000000000001241                CMDStrLen
                0x0000000000001242                PROVIDE (__bss_end, .)
                0x0000000000001242                _end = .
                0x000000000000013a                PROVIDE (__bss_size, SIZEOF (.bss))

.noinit         0x0000000000001242        0x0
                0x0000000000001242                PROVIDE (__noinit_start, .)
 *(.noinit)
 *(.noinit.*)
 *(COMMON)
                0x0000000000001242                PROVIDE (__noinit_end, .)
                0x0000000000001242                _end = .

.vectors        0x000000000000ffc0       0x40
                0x000000000000ffc0                PROVIDE (__vectors_start, .)
 *(.vectors*)
 .vectors       0x000000000000ffc0       0x40 /usr/bin/../lib/gcc-lib/msp430/3.2.3/../../../../msp430/lib/crt430x2617.o
                0x000000000000ffc0                InterruptVectors
 *(.vectors*)
                0x0000000000010000                _vectors_end = .

.fartext        0x0000000000010000        0x0
                0x0000000000010000                . = ALIGN (0x2)
 *(.fartext)
                0x0000000000010000                . = ALIGN (0x2)
 *(.fartext.*)
                0x0000000000010000                _efartext = .

.profiler
 *(.profiler)

.stab           0x0000000000000000      0x768
 *(.stab)
 .stab          0x0000000000000000      0x1b0 /usr/bin/../lib/gcc-lib/msp430/3.2.3/../../../../msp430/lib/crt430x2617.o
 .stab          0x00000000000001b0      0x180 /usr/bin/../lib/gcc-lib/msp430/3.2.3/../../../../msp430/lib/libc.a(isdigit.o)
                                        0x18c (size before relaxing)
 .stab          0x0000000000000330      0x438 /usr/bin/../lib/gcc-lib/msp430/3.2.3/../../../../msp430/lib/libc.a(strlen.o)
                                        0x444 (size before relaxing)

.stabstr        0x0000000000000000      0x9c2
 *(.stabstr)
 .stabstr       0x0000000000000000      0x9c2 /usr/bin/../lib/gcc-lib/msp430/3.2.3/../../../../msp430/lib/crt430x2617.o

.stab.excl
 *(.stab.excl)

.stab.exclstr
 *(.stab.exclstr)

.stab.index
 *(.stab.index)

.stab.indexstr
 *(.stab.indexstr)

.comment
 *(.comment)

.debug
 *(.debug)

.line
 *(.line)

.debug_srcinfo
 *(.debug_srcinfo)

.debug_sfnames
 *(.debug_sfnames)

.debug_aranges
 *(.debug_aranges)

.debug_pubnames
 *(.debug_pubnames)

.debug_info
 *(.debug_info)
 *(.gnu.linkonce.wi.*)

.debug_abbrev
 *(.debug_abbrev)

.debug_line
 *(.debug_line)

.debug_frame
 *(.debug_frame)

.debug_str
 *(.debug_str)

.debug_loc
 *(.debug_loc)

.debug_macinfo
 *(.debug_macinfo)

.debug_pubtypes
 *(.debug_pubtypes)

.debug_ranges
 *(.debug_ranges)
                0x0000000000003100                PROVIDE (__stack, 0x3100)
                0x0000000000007d96                PROVIDE (__data_start_rom, _etext)
                0x0000000000007d9e                PROVIDE (__data_end_rom, (_etext + SIZEOF (.data)))
                0x0000000000007d9e                PROVIDE (__noinit_start_rom, (_etext + SIZEOF (.data)))
                0x0000000000007d9e                PROVIDE (__noinit_end_rom, ((_etext + SIZEOF (.data)) + SIZEOF (.noinit)))
                0x0000000000000000                PROVIDE (__subdevice_has_heap, 0x0)
OUTPUT(build/kblcd_f2xx.elf elf32-msp430)
