Archive member included because of file (symbol)

../../..//mcu/libfitkit/build/libfitkit_f1xx.a(fitkitlib_f1xx.o)
                              build/mcu/main_f1xx.o (initialize_hardware)
../../..//mcu/libfitkit/build/libfitkit_f1xx.a(flash_f1xx.o)
                              ../../..//mcu/libfitkit/build/libfitkit_f1xx.a(fitkitlib_f1xx.o) (flash_init)
../../..//mcu/libfitkit/build/libfitkit_f1xx.a(flash_fpga_f1xx.o)
                              ../../..//mcu/libfitkit/build/libfitkit_f1xx.a(fitkitlib_f1xx.o) (FPGAConfig_init)
../../..//mcu/libfitkit/build/libfitkit_f1xx.a(fpga_f1xx.o)
                              ../../..//mcu/libfitkit/build/libfitkit_f1xx.a(fitkitlib_f1xx.o) (FPGA_init)
../../..//mcu/libfitkit/build/libfitkit_f1xx.a(globfun_f1xx.o)
                              ../../..//mcu/libfitkit/build/libfitkit_f1xx.a(flash_f1xx.o) (long2str)
../../..//mcu/libfitkit/build/libfitkit_f1xx.a(spi_f1xx.o)
                              ../../..//mcu/libfitkit/build/libfitkit_f1xx.a(fitkitlib_f1xx.o) (SPI_Init)
../../..//mcu/libfitkit/build/libfitkit_f1xx.a(terminal_f1xx.o)
                              ../../..//mcu/libfitkit/build/libfitkit_f1xx.a(fitkitlib_f1xx.o) (terminal_init)
../../..//mcu/libfitkit/build/libfitkit_f1xx.a(timer_b_f1xx.o)
                              ../../..//mcu/libfitkit/build/libfitkit_f1xx.a(fitkitlib_f1xx.o) (timerb_init)
../../..//mcu/libfitkit/build/libfitkit_f1xx.a(uart_f1xx.o)
                              ../../..//mcu/libfitkit/build/libfitkit_f1xx.a(terminal_f1xx.o) (serial_init)
../../..//mcu/libfitkit/build/libfitkit_f1xx.a(filetransfer_f1xx.o)
                              ../../..//mcu/libfitkit/build/libfitkit_f1xx.a(fitkitlib_f1xx.o) (SPI_WriteFile)
../../..//mcu/libfitkit/build/libfitkit_f1xx.a(cmd_f1xx.o)
                              ../../..//mcu/libfitkit/build/libfitkit_f1xx.a(terminal_f1xx.o) (term_cmd_clear)
/usr/bin/../lib/gcc-lib/msp430/3.2.3/libgcc.a(__stop_progExec__.o)
                              build/mcu/main_f1xx.o (__stop_progExec__)
/usr/bin/../lib/gcc-lib/msp430/3.2.3/libgcc.a(_mulsi3hw.o)
                              ../../..//mcu/libfitkit/build/libfitkit_f1xx.a(flash_f1xx.o) (__umulsi3hw)
/usr/bin/../lib/gcc-lib/msp430/3.2.3/libgcc.a(_udivmodsi4.o)
                              ../../..//mcu/libfitkit/build/libfitkit_f1xx.a(flash_f1xx.o) (__udivmodsi4)
/usr/bin/../lib/gcc-lib/msp430/3.2.3/libgcc.a(_divmodsi4.o)
                              ../../..//mcu/libfitkit/build/libfitkit_f1xx.a(flash_f1xx.o) (__divmodsi4)
/usr/bin/../lib/gcc-lib/msp430/3.2.3/libgcc.a(_reset_vector__.o)
                              /usr/bin/../lib/gcc-lib/msp430/3.2.3/../../../../msp430/lib/crt430x168.o (_reset_vector__)
/usr/bin/../lib/gcc-lib/msp430/3.2.3/libgcc.a(__low_level_init.o)
                              /usr/bin/../lib/gcc-lib/msp430/3.2.3/libgcc.a(_reset_vector__.o) (__low_level_init)
/usr/bin/../lib/gcc-lib/msp430/3.2.3/libgcc.a(__init_stack.o)
                              /usr/bin/../lib/gcc-lib/msp430/3.2.3/libgcc.a(_reset_vector__.o) (__init_stack)
/usr/bin/../lib/gcc-lib/msp430/3.2.3/libgcc.a(_copy_data.o)
                              /usr/bin/../lib/gcc-lib/msp430/3.2.3/libgcc.a(_reset_vector__.o) (__do_copy_data)
/usr/bin/../lib/gcc-lib/msp430/3.2.3/libgcc.a(_clear_bss.o)
                              /usr/bin/../lib/gcc-lib/msp430/3.2.3/libgcc.a(_reset_vector__.o) (__do_clear_bss)
/usr/bin/../lib/gcc-lib/msp430/3.2.3/libgcc.a(__jump_to_main.o)
                              /usr/bin/../lib/gcc-lib/msp430/3.2.3/libgcc.a(_reset_vector__.o) (__jump_to_main)
/usr/bin/../lib/gcc-lib/msp430/3.2.3/../../../../msp430/lib/libc.a(isdigit.o)
                              ../../..//mcu/libfitkit/build/libfitkit_f1xx.a(globfun_f1xx.o) (isdigit)
/usr/bin/../lib/gcc-lib/msp430/3.2.3/../../../../msp430/lib/libc.a(strlen.o)
                              build/mcu/display_f1xx.o (strlen)

Allocating common symbols
Common symbol       size              file

BreakFlag           0x1               ../../..//mcu/libfitkit/build/libfitkit_f1xx.a(uart_f1xx.o)
TransmitNum         0x1               ../../..//mcu/libfitkit/build/libfitkit_f1xx.a(uart_f1xx.o)
last_ch             0x1               build/mcu/main_f1xx.o
index_buf           0x1               build/mcu/keyboard_f1xx.o
Cmd_Old             0x1               ../../..//mcu/libfitkit/build/libfitkit_f1xx.a(terminal_f1xx.o)
times               0x2               build/mcu/main_f1xx.o
cb_fun              0x2               ../../..//mcu/libfitkit/build/libfitkit_f1xx.a(filetransfer_f1xx.o)
lcd_shift_addr      0x2               build/mcu/display_f1xx.o
ReceiveNum          0x2               ../../..//mcu/libfitkit/build/libfitkit_f1xx.a(uart_f1xx.o)
lcd_cursor_addr     0x2               build/mcu/display_f1xx.o
cb_buf              0x2               ../../..//mcu/libfitkit/build/libfitkit_f1xx.a(filetransfer_f1xx.o)
CMD_Long            0x4               ../../..//mcu/libfitkit/build/libfitkit_f1xx.a(cmd_f1xx.o)
keyboard_buffer     0x14              build/mcu/keyboard_f1xx.o
CountPage           0x2               ../../..//mcu/libfitkit/build/libfitkit_f1xx.a(flash_f1xx.o)
ReceiveBuf          0x7f              ../../..//mcu/libfitkit/build/libfitkit_f1xx.a(uart_f1xx.o)
prirustek           0x2               build/mcu/main_f1xx.o
ReceiveIndexRec     0x2               ../../..//mcu/libfitkit/build/libfitkit_f1xx.a(uart_f1xx.o)
TransmitBuf         0x64              ../../..//mcu/libfitkit/build/libfitkit_f1xx.a(uart_f1xx.o)
ErrorFlag           0x1               ../../..//mcu/libfitkit/build/libfitkit_f1xx.a(uart_f1xx.o)
ReceiveIndex        0x2               ../../..//mcu/libfitkit/build/libfitkit_f1xx.a(uart_f1xx.o)
TransmitIndexSend   0x1               ../../..//mcu/libfitkit/build/libfitkit_f1xx.a(uart_f1xx.o)
TypeBufferFlash     0x1               ../../..//mcu/libfitkit/build/libfitkit_f1xx.a(flash_f1xx.o)
TransmitIndex       0x1               ../../..//mcu/libfitkit/build/libfitkit_f1xx.a(uart_f1xx.o)
PomRS232            0x1               ../../..//mcu/libfitkit/build/libfitkit_f1xx.a(uart_f1xx.o)
AdrBufferFlash      0x2               ../../..//mcu/libfitkit/build/libfitkit_f1xx.a(flash_f1xx.o)
CMDStr              0x19              ../../..//mcu/libfitkit/build/libfitkit_f1xx.a(cmd_f1xx.o)
Cmd                 0x1               ../../..//mcu/libfitkit/build/libfitkit_f1xx.a(terminal_f1xx.o)
write_index_buf     0x1               build/mcu/keyboard_f1xx.o
chars_in_buf        0x1               build/mcu/keyboard_f1xx.o
CMDStrLen           0x1               ../../..//mcu/libfitkit/build/libfitkit_f1xx.a(cmd_f1xx.o)

Memory Configuration

Name             Origin             Length             Attributes
text             0x0000000000004000 0x000000000000bfe0 xr
data             0x0000000000000200 0x0000000000000800 xrw
vectors          0x000000000000ffe0 0x0000000000000020 rw
bootloader       0x0000000000000c00 0x0000000000000400 xr
infomem          0x0000000000001000 0x0000000000000100 xr
infomemnobits    0x0000000000001000 0x0000000000000100 xr
*default*        0x0000000000000000 0xffffffffffffffff

Linker script and memory map

LOAD /usr/bin/../lib/gcc-lib/msp430/3.2.3/../../../../msp430/lib/crt430x168.o
LOAD build/mcu/keyboard_f1xx.o
LOAD build/mcu/display_f1xx.o
LOAD build/mcu/main_f1xx.o
LOAD ../../..//mcu/libfitkit/build/libfitkit_f1xx.a
LOAD /usr/bin/../lib/gcc-lib/msp430/3.2.3/libgcc.a
LOAD /usr/bin/../lib/gcc-lib/msp430/3.2.3/../../../../msp430/lib/libc.a
LOAD /usr/bin/../lib/gcc-lib/msp430/3.2.3/libgcc.a

.hash
 *(.hash)

.dynsym
 *(.dynsym)

.dynstr
 *(.dynstr)

.gnu.version
 *(.gnu.version)

.gnu.version_d
 *(.gnu.version_d)

.gnu.version_r
 *(.gnu.version_r)

.rel.init
 *(.rel.init)

.rela.init
 *(.rela.init)

.rel.text
 *(.rel.text)
 *(.rel.text.*)
 *(.rel.gnu.linkonce.t*)

.rela.text
 *(.rela.text)
 *(.rela.text.*)
 *(.rela.gnu.linkonce.t*)

.rel.fini
 *(.rel.fini)

.rela.fini
 *(.rela.fini)

.rel.rodata
 *(.rel.rodata)
 *(.rel.rodata.*)
 *(.rel.gnu.linkonce.r*)

.rela.rodata
 *(.rela.rodata)
 *(.rela.rodata.*)
 *(.rela.gnu.linkonce.r*)

.rel.data
 *(.rel.data)
 *(.rel.data.*)
 *(.rel.gnu.linkonce.d*)

.rela.data
 *(.rela.data)
 *(.rela.data.*)
 *(.rela.gnu.linkonce.d*)

.rel.ctors
 *(.rel.ctors)

.rela.ctors
 *(.rela.ctors)

.rel.dtors
 *(.rel.dtors)

.rela.dtors
 *(.rela.dtors)

.rel.got
 *(.rel.got)

.rela.got
 *(.rela.got)

.rel.bss
 *(.rel.bss)

.rela.bss
 *(.rela.bss)

.rel.plt
 *(.rel.plt)

.rela.plt
 *(.rela.plt)

.text           0x0000000000004000     0x505c
                0x0000000000004000                . = ALIGN (0x2)
 *(.init)
 *(.init)
 *(.init0)
 .init0         0x0000000000004000        0x0 /usr/bin/../lib/gcc-lib/msp430/3.2.3/libgcc.a(_reset_vector__.o)
                0x0000000000004000                _reset_vector__
 *(.init0)
 *(.init1)
 *(.init1)
 *(.init2)
 .init2         0x0000000000004000        0x4 /usr/bin/../lib/gcc-lib/msp430/3.2.3/libgcc.a(__init_stack.o)
                0x0000000000004000                __init_stack
 *(.init2)
 *(.init3)
 .init3         0x0000000000004004        0x6 /usr/bin/../lib/gcc-lib/msp430/3.2.3/libgcc.a(__low_level_init.o)
                0x0000000000004004                __low_level_init
 *(.init3)
 *(.init4)
 .init4         0x000000000000400a       0x12 /usr/bin/../lib/gcc-lib/msp430/3.2.3/libgcc.a(_copy_data.o)
                0x000000000000400a                __do_copy_data
 .init4         0x000000000000401c       0x10 /usr/bin/../lib/gcc-lib/msp430/3.2.3/libgcc.a(_clear_bss.o)
                0x000000000000401c                __do_clear_bss
 *(.init4)
 *(.init5)
 *(.init5)
 *(.init6)
 *(.init6)
 *(.init7)
 *(.init7)
 *(.init8)
 *(.init8)
 *(.init9)
 .init9         0x000000000000402c        0x4 /usr/bin/../lib/gcc-lib/msp430/3.2.3/libgcc.a(__jump_to_main.o)
                0x000000000000402c                __jump_to_main
 *(.init9)
                0x0000000000004030                __ctors_start = .
 *(.ctors)
 *(.ctors)
                0x0000000000004030                __ctors_end = .
                0x0000000000004030                __dtors_start = .
 *(.dtors)
 *(.dtors)
                0x0000000000004030                __dtors_end = .
                0x0000000000004030                . = ALIGN (0x2)
 *(.text)
 .text          0x0000000000004030        0x6 /usr/bin/../lib/gcc-lib/msp430/3.2.3/../../../../msp430/lib/crt430x168.o
                0x0000000000004030                _unexpected_1_
                0x0000000000004030                vector_ffe0
                0x0000000000004030                vector_fffc
                0x0000000000004030                vector_ffe4
                0x0000000000004030                vector_ffe2
                0x0000000000004030                vector_ffe8
                0x0000000000004034                _unexpected_
                0x0000000000004030                vector_fffa
                0x0000000000004030                vector_ffee
                0x0000000000004030                vector_fff4
                0x0000000000004030                vector_fff8
                0x0000000000004030                vector_ffe6
                0x0000000000004030                vector_fff6
                0x0000000000004030                vector_ffea
 .text          0x0000000000004036      0x1aa build/mcu/keyboard_f1xx.o
                0x0000000000004078                keyboard_handle_interrupt
                0x00000000000040c6                key_decode
                0x0000000000004036                keyboard_get_char
 .text          0x00000000000041e0      0x280 build/mcu/display_f1xx.o
                0x000000000000423c                LCD_clear
                0x0000000000004430                LCD_rotate
                0x000000000000426e                LCD_init
                0x00000000000043aa                LCD_write_string
                0x00000000000042b8                LCD_load_char
                0x000000000000429a                LCD_char2dis
                0x0000000000004328                LCD_append_char
                0x00000000000043ce                LCD_append_string
                0x00000000000041e0                LCD_send_cmd
 .text          0x0000000000004460      0x616 build/mcu/main_f1xx.o
                0x00000000000049ae                keyboard_idle
                0x0000000000004820                print_song
                0x0000000000004500                CDURD
                0x0000000000004a40                Timer_A
                0x000000000000452e                CDURE
                0x00000000000044d2                CDURC
                0x0000000000004a40                vector_ffec
                0x0000000000004614                strar_wars
                0x000000000000446a                decode_user_cmd
                0x0000000000004460                print_user_help
                0x00000000000048b4                print_hlaska
                0x000000000000455c                CDURF
                0x0000000000004496                MS100
                0x00000000000049f2                main
                0x00000000000048c6                note
                0x00000000000045b8                CDURA
                0x00000000000045e6                CDURC2
                0x000000000000458a                CDURG
                0x000000000000448c                fpga_initialized
 .text          0x0000000000004a76      0x406 ../../..//mcu/libfitkit/build/libfitkit_f1xx.a(fitkitlib_f1xx.o)
                0x0000000000004aa2                clock_system_init
                0x0000000000004a76                delay_cycle
                0x0000000000004ae4                smclk_stop
                0x0000000000004b68                fpga_configure_from_flash
                0x0000000000004d5c                initialize_hardware_
                0x0000000000004e6c                initialize_hardware
                0x0000000000004c66                fpga_configure_from_mcu
 .text          0x0000000000004e7c     0x1448 ../../..//mcu/libfitkit/build/libfitkit_f1xx.a(flash_f1xx.o)
                0x0000000000005f52                FLASH_Dump_Page
                0x0000000000005e3e                FLASH_EraseAll
                0x00000000000057d2                FLASH_ReadDataBuffer
                0x0000000000005d92                FLASH_ErasePage
                0x0000000000005276                FLASH_print_status
                0x0000000000005ef6                FLASH_Dump_Block
                0x0000000000006002                FLASH_Dump_Adr
                0x0000000000004f74                flash_init
                0x0000000000005de8                FLASH_EraseBlock
                0x00000000000059c0                FLASH_ReadDataA
                0x0000000000005742                FLASH_WriteDataBuffer
                0x0000000000005070                FLASH_availablepages
                0x0000000000005956                FLASH_isPageBlank
                0x0000000000005150                FLASH_IsReady
                0x00000000000050de                FLASH_blocks
                0x0000000000004e7c                FLASH_PageToAddr
                0x0000000000005676                FLASH_WriteToBuffer
                0x0000000000005cc4                FLASH_WriteByte
                0x00000000000058e8                FLASH_ReadData_Finalize
                0x0000000000005aba                FLASH_ReadMemoryBuffer
                0x00000000000050f8                FLASH_size
                0x0000000000005ea6                FLASH_Dump_All
                0x0000000000004eae                flash_init_
                0x0000000000005a44                FLASH_WriteBufferMemory
                0x000000000000586e                FLASH_ReadData_Initialize
                0x00000000000058f6                FLASH_ReadData
                0x0000000000005d68                FLASH_EraseByte
                0x000000000000511e                FLASH_ReadStatus
                0x0000000000005b3e                FLASH_ProgFPGA
 .text          0x00000000000062c4      0x418 ../../..//mcu/libfitkit/build/libfitkit_f1xx.a(flash_fpga_f1xx.o)
                0x00000000000062c4                delay_cycle_
                0x0000000000006470                FPGAConfig_finalize
                0x00000000000064c2                FPGAConfig_detect_fpga
                0x000000000000638a                FPGAConfig_initialize
                0x00000000000062f0                FPGAConfig_init
 .text          0x00000000000066dc      0x290 ../../..//mcu/libfitkit/build/libfitkit_f1xx.a(fpga_f1xx.o)
                0x0000000000006712                FPGA_SPI_RW_A8_D8
                0x0000000000006762                FPGA_SPI_RW_A8_D16
                0x0000000000006876                FPGA_SPI_RW_AN_DN
                0x00000000000067d8                FPGA_SPI_RW_A8_DN
                0x00000000000066dc                FPGA_init
                0x00000000000066ee                FPGA_reset
 .text          0x000000000000696c      0x706 ../../..//mcu/libfitkit/build/libfitkit_f1xx.a(globfun_f1xx.o)
                0x000000000000696c                chr2bin
                0x0000000000006a7e                chr2digit
                0x0000000000006a26                chr2hex
                0x0000000000006e20                strrev
                0x0000000000006bb0                str2long
                0x0000000000006c80                str2long_2x
                0x0000000000006afa                hex2chr
                0x00000000000069da                digit2chr
                0x0000000000006e8c                strupper
                0x0000000000006f22                long2str
                0x0000000000006b4e                rchr
 .text          0x0000000000007072       0xbe ../../..//mcu/libfitkit/build/libfitkit_f1xx.a(spi_f1xx.o)
                0x00000000000070b4                SPI_Close
                0x00000000000070d4                SPI_read_wait_write
                0x0000000000007104                SPI_write_wait_read
                0x0000000000007072                SPI_Init
 .text          0x0000000000007130      0x926 ../../..//mcu/libfitkit/build/libfitkit_f1xx.a(terminal_f1xx.o)
                0x0000000000007154                terminal_init
                0x0000000000007460                terminal_idle_cb
                0x0000000000007a46                terminal_idle
 .text          0x0000000000007a56       0xdc ../../..//mcu/libfitkit/build/libfitkit_f1xx.a(timer_b_f1xx.o)
                0x0000000000007a56                timerb_init
                0x0000000000007a6c                delay_ms
 .text          0x0000000000007b32      0x3fc ../../..//mcu/libfitkit/build/libfitkit_f1xx.a(uart_f1xx.o)
                0x0000000000007c80                term_send_str
                0x0000000000007e84                TxintrRS232
                0x0000000000007cbe                term_send_num
                0x0000000000007d00                term_send_hex
                0x0000000000007ec6                RxintrRS232
                0x0000000000007e84                vector_fff0
                0x0000000000007d84                term_rcv_block
                0x0000000000007c20                term_send_char_idle
                0x0000000000007ba0                serial_close
                0x0000000000007e22                term_rcv_char_t
                0x0000000000007ec6                vector_fff2
                0x0000000000007b32                serial_init
                0x0000000000007c48                term_send_char_hex
                0x0000000000007d42                term_rcv_char
                0x0000000000007bda                term_send_char
 .text          0x0000000000007f2e      0x878 ../../..//mcu/libfitkit/build/libfitkit_f1xx.a(filetransfer_f1xx.o)
                0x0000000000007ff0                send_header
                0x0000000000008500                SPI_WriteFile
                0x000000000000843e                sendPageSPI
                0x00000000000086d2                ReceiveFile
                0x000000000000815e                writePageToFlash
                0x000000000000859c                FLASH_WriteFile
                0x0000000000007f2e                serial_rx_timeout
                0x00000000000085fa                cbPage
                0x0000000000008304                transmittFile
                0x0000000000007f8a                serial_tx_buf
 .text          0x00000000000087a6      0x7f2 ../../..//mcu/libfitkit/build/libfitkit_f1xx.a(cmd_f1xx.o)
                0x0000000000008880                term_cmd_decode
                0x00000000000087b4                term_cmd_read
                0x00000000000087a6                term_cmd_clear
 .text          0x0000000000008f98        0x0 /usr/bin/../lib/gcc-lib/msp430/3.2.3/libgcc.a(__stop_progExec__.o)
 .text          0x0000000000008f98        0x0 /usr/bin/../lib/gcc-lib/msp430/3.2.3/libgcc.a(_mulsi3hw.o)
 .text          0x0000000000008f98        0x0 /usr/bin/../lib/gcc-lib/msp430/3.2.3/libgcc.a(_udivmodsi4.o)
 .text          0x0000000000008f98        0x0 /usr/bin/../lib/gcc-lib/msp430/3.2.3/libgcc.a(_divmodsi4.o)
 .text          0x0000000000008f98        0x0 /usr/bin/../lib/gcc-lib/msp430/3.2.3/libgcc.a(_reset_vector__.o)
 .text          0x0000000000008f98        0x0 /usr/bin/../lib/gcc-lib/msp430/3.2.3/libgcc.a(__low_level_init.o)
 .text          0x0000000000008f98        0x0 /usr/bin/../lib/gcc-lib/msp430/3.2.3/libgcc.a(__init_stack.o)
 .text          0x0000000000008f98        0x0 /usr/bin/../lib/gcc-lib/msp430/3.2.3/libgcc.a(_copy_data.o)
 .text          0x0000000000008f98        0x0 /usr/bin/../lib/gcc-lib/msp430/3.2.3/libgcc.a(_clear_bss.o)
 .text          0x0000000000008f98        0x0 /usr/bin/../lib/gcc-lib/msp430/3.2.3/libgcc.a(__jump_to_main.o)
 .text          0x0000000000008f98       0x12 /usr/bin/../lib/gcc-lib/msp430/3.2.3/../../../../msp430/lib/libc.a(isdigit.o)
                0x0000000000008f98                isdigit
 .text          0x0000000000008faa       0x14 /usr/bin/../lib/gcc-lib/msp430/3.2.3/../../../../msp430/lib/libc.a(strlen.o)
                0x0000000000008faa                strlen
                0x0000000000008fbe                . = ALIGN (0x2)
 *(.text.*)
 .text.libgcc   0x0000000000008fbe        0x0 /usr/bin/../lib/gcc-lib/msp430/3.2.3/libgcc.a(__stop_progExec__.o)
 .text.libgcc   0x0000000000008fbe       0x28 /usr/bin/../lib/gcc-lib/msp430/3.2.3/libgcc.a(_mulsi3hw.o)
                0x0000000000008fbe                __umulsi3hw
 .text.libgcc   0x0000000000008fe6       0x2a /usr/bin/../lib/gcc-lib/msp430/3.2.3/libgcc.a(_udivmodsi4.o)
                0x0000000000008fe6                __udivmodsi4
 .text.libgcc   0x0000000000009010       0x4a /usr/bin/../lib/gcc-lib/msp430/3.2.3/libgcc.a(_divmodsi4.o)
                0x0000000000009010                __divmodsi4
 .text.libgcc   0x000000000000905a        0x0 /usr/bin/../lib/gcc-lib/msp430/3.2.3/libgcc.a(_reset_vector__.o)
 .text.libgcc   0x000000000000905a        0x0 /usr/bin/../lib/gcc-lib/msp430/3.2.3/libgcc.a(__low_level_init.o)
 .text.libgcc   0x000000000000905a        0x0 /usr/bin/../lib/gcc-lib/msp430/3.2.3/libgcc.a(__init_stack.o)
 .text.libgcc   0x000000000000905a        0x0 /usr/bin/../lib/gcc-lib/msp430/3.2.3/libgcc.a(_copy_data.o)
 .text.libgcc   0x000000000000905a        0x0 /usr/bin/../lib/gcc-lib/msp430/3.2.3/libgcc.a(_clear_bss.o)
 .text.libgcc   0x000000000000905a        0x0 /usr/bin/../lib/gcc-lib/msp430/3.2.3/libgcc.a(__jump_to_main.o)
                0x000000000000905a                . = ALIGN (0x2)
 *(.fini9)
 .fini9         0x000000000000905a        0x0 /usr/bin/../lib/gcc-lib/msp430/3.2.3/libgcc.a(__stop_progExec__.o)
                0x000000000000905a                __stop_progExec__
 *(.fini9)
 *(.fini8)
 *(.fini8)
 *(.fini7)
 *(.fini7)
 *(.fini6)
 *(.fini6)
 *(.fini5)
 *(.fini5)
 *(.fini4)
 *(.fini4)
 *(.fini3)
 *(.fini3)
 *(.fini2)
 *(.fini2)
 *(.fini1)
 *(.fini1)
 *(.fini0)
 .fini0         0x000000000000905a        0x2 /usr/bin/../lib/gcc-lib/msp430/3.2.3/libgcc.a(__stop_progExec__.o)
 *(.fini0)
 *(.fini)
 *(.fini)
                0x000000000000905c                _etext = .

.data           0x0000000000000200        0xe load address 0x000000000000905c
                0x0000000000000200                PROVIDE (__data_start, .)
                0x0000000000000200                . = ALIGN (0x2)
 *(.data)
 .data          0x0000000000000200        0x0 /usr/bin/../lib/gcc-lib/msp430/3.2.3/../../../../msp430/lib/crt430x168.o
 .data          0x0000000000000200        0x0 build/mcu/keyboard_f1xx.o
 .data          0x0000000000000200        0x0 build/mcu/display_f1xx.o
 .data          0x0000000000000200        0x8 build/mcu/main_f1xx.o
                0x0000000000000202                notes
                0x0000000000000206                char_cnt
                0x0000000000000204                flipit
                0x0000000000000200                count
 .data          0x0000000000000208        0x4 ../../..//mcu/libfitkit/build/libfitkit_f1xx.a(fitkitlib_f1xx.o)
                0x0000000000000208                FPGA_config_length
 .data          0x000000000000020c        0x2 ../../..//mcu/libfitkit/build/libfitkit_f1xx.a(flash_f1xx.o)
                0x000000000000020c                CNT_PAGES
 .data          0x000000000000020e        0x0 ../../..//mcu/libfitkit/build/libfitkit_f1xx.a(flash_fpga_f1xx.o)
 .data          0x000000000000020e        0x0 ../../..//mcu/libfitkit/build/libfitkit_f1xx.a(fpga_f1xx.o)
 .data          0x000000000000020e        0x0 ../../..//mcu/libfitkit/build/libfitkit_f1xx.a(globfun_f1xx.o)
 .data          0x000000000000020e        0x0 ../../..//mcu/libfitkit/build/libfitkit_f1xx.a(spi_f1xx.o)
 .data          0x000000000000020e        0x0 ../../..//mcu/libfitkit/build/libfitkit_f1xx.a(terminal_f1xx.o)
 .data          0x000000000000020e        0x0 ../../..//mcu/libfitkit/build/libfitkit_f1xx.a(timer_b_f1xx.o)
 .data          0x000000000000020e        0x0 ../../..//mcu/libfitkit/build/libfitkit_f1xx.a(uart_f1xx.o)
 .data          0x000000000000020e        0x0 ../../..//mcu/libfitkit/build/libfitkit_f1xx.a(filetransfer_f1xx.o)
 .data          0x000000000000020e        0x0 ../../..//mcu/libfitkit/build/libfitkit_f1xx.a(cmd_f1xx.o)
 .data          0x000000000000020e        0x0 /usr/bin/../lib/gcc-lib/msp430/3.2.3/libgcc.a(__stop_progExec__.o)
 .data          0x000000000000020e        0x0 /usr/bin/../lib/gcc-lib/msp430/3.2.3/libgcc.a(_mulsi3hw.o)
 .data          0x000000000000020e        0x0 /usr/bin/../lib/gcc-lib/msp430/3.2.3/libgcc.a(_udivmodsi4.o)
 .data          0x000000000000020e        0x0 /usr/bin/../lib/gcc-lib/msp430/3.2.3/libgcc.a(_divmodsi4.o)
 .data          0x000000000000020e        0x0 /usr/bin/../lib/gcc-lib/msp430/3.2.3/libgcc.a(_reset_vector__.o)
 .data          0x000000000000020e        0x0 /usr/bin/../lib/gcc-lib/msp430/3.2.3/libgcc.a(__low_level_init.o)
 .data          0x000000000000020e        0x0 /usr/bin/../lib/gcc-lib/msp430/3.2.3/libgcc.a(__init_stack.o)
 .data          0x000000000000020e        0x0 /usr/bin/../lib/gcc-lib/msp430/3.2.3/libgcc.a(_copy_data.o)
 .data          0x000000000000020e        0x0 /usr/bin/../lib/gcc-lib/msp430/3.2.3/libgcc.a(_clear_bss.o)
 .data          0x000000000000020e        0x0 /usr/bin/../lib/gcc-lib/msp430/3.2.3/libgcc.a(__jump_to_main.o)
 .data          0x000000000000020e        0x0 /usr/bin/../lib/gcc-lib/msp430/3.2.3/../../../../msp430/lib/libc.a(isdigit.o)
 .data          0x000000000000020e        0x0 /usr/bin/../lib/gcc-lib/msp430/3.2.3/../../../../msp430/lib/libc.a(strlen.o)
 *(SORT(.data.*))
                0x000000000000020e                . = ALIGN (0x2)
 *(.gnu.linkonce.d*)
                0x000000000000020e                . = ALIGN (0x2)
                0x000000000000020e                _edata = .
                0x000000000000905c                PROVIDE (__data_load_start, LOADADDR (.data))
                0x000000000000000e                PROVIDE (__data_size, SIZEOF (.data))

.bootloader     0x0000000000000c00        0x0
                0x0000000000000c00                PROVIDE (__boot_start, .)
 *(.bootloader)
                0x0000000000000c00                . = ALIGN (0x2)
 *(.bootloader.*)

.infomem        0x0000000000001000        0x0
 *(.infomem)
                0x0000000000001000                . = ALIGN (0x2)
 *(.infomem.*)

.infomemnobits  0x0000000000001000        0x0
 *(.infomemnobits)
                0x0000000000001000                . = ALIGN (0x2)
 *(.infomemnobits.*)

.bss            0x000000000000020e      0x13e
                0x000000000000020e                PROVIDE (__bss_start, .)
 *(.bss)
 .bss           0x000000000000020e        0x0 /usr/bin/../lib/gcc-lib/msp430/3.2.3/../../../../msp430/lib/crt430x168.o
 .bss           0x000000000000020e        0x0 build/mcu/keyboard_f1xx.o
 .bss           0x000000000000020e        0x0 build/mcu/display_f1xx.o
 .bss           0x000000000000020e        0x0 build/mcu/main_f1xx.o
 .bss           0x000000000000020e        0x0 ../../..//mcu/libfitkit/build/libfitkit_f1xx.a(fitkitlib_f1xx.o)
 .bss           0x000000000000020e        0x0 ../../..//mcu/libfitkit/build/libfitkit_f1xx.a(flash_f1xx.o)
 .bss           0x000000000000020e        0x0 ../../..//mcu/libfitkit/build/libfitkit_f1xx.a(flash_fpga_f1xx.o)
 .bss           0x000000000000020e        0x0 ../../..//mcu/libfitkit/build/libfitkit_f1xx.a(fpga_f1xx.o)
 .bss           0x000000000000020e        0x0 ../../..//mcu/libfitkit/build/libfitkit_f1xx.a(globfun_f1xx.o)
 .bss           0x000000000000020e        0x0 ../../..//mcu/libfitkit/build/libfitkit_f1xx.a(spi_f1xx.o)
 .bss           0x000000000000020e        0x0 ../../..//mcu/libfitkit/build/libfitkit_f1xx.a(terminal_f1xx.o)
 .bss           0x000000000000020e        0x0 ../../..//mcu/libfitkit/build/libfitkit_f1xx.a(timer_b_f1xx.o)
 .bss           0x000000000000020e        0x0 ../../..//mcu/libfitkit/build/libfitkit_f1xx.a(uart_f1xx.o)
 .bss           0x000000000000020e        0x0 ../../..//mcu/libfitkit/build/libfitkit_f1xx.a(filetransfer_f1xx.o)
 .bss           0x000000000000020e        0x0 ../../..//mcu/libfitkit/build/libfitkit_f1xx.a(cmd_f1xx.o)
 .bss           0x000000000000020e        0x0 /usr/bin/../lib/gcc-lib/msp430/3.2.3/libgcc.a(__stop_progExec__.o)
 .bss           0x000000000000020e        0x0 /usr/bin/../lib/gcc-lib/msp430/3.2.3/libgcc.a(_mulsi3hw.o)
 .bss           0x000000000000020e        0x0 /usr/bin/../lib/gcc-lib/msp430/3.2.3/libgcc.a(_udivmodsi4.o)
 .bss           0x000000000000020e        0x0 /usr/bin/../lib/gcc-lib/msp430/3.2.3/libgcc.a(_divmodsi4.o)
 .bss           0x000000000000020e        0x0 /usr/bin/../lib/gcc-lib/msp430/3.2.3/libgcc.a(_reset_vector__.o)
 .bss           0x000000000000020e        0x0 /usr/bin/../lib/gcc-lib/msp430/3.2.3/libgcc.a(__low_level_init.o)
 .bss           0x000000000000020e        0x0 /usr/bin/../lib/gcc-lib/msp430/3.2.3/libgcc.a(__init_stack.o)
 .bss           0x000000000000020e        0x0 /usr/bin/../lib/gcc-lib/msp430/3.2.3/libgcc.a(_copy_data.o)
 .bss           0x000000000000020e        0x0 /usr/bin/../lib/gcc-lib/msp430/3.2.3/libgcc.a(_clear_bss.o)
 .bss           0x000000000000020e        0x0 /usr/bin/../lib/gcc-lib/msp430/3.2.3/libgcc.a(__jump_to_main.o)
 .bss           0x000000000000020e        0x0 /usr/bin/../lib/gcc-lib/msp430/3.2.3/../../../../msp430/lib/libc.a(isdigit.o)
 .bss           0x000000000000020e        0x0 /usr/bin/../lib/gcc-lib/msp430/3.2.3/../../../../msp430/lib/libc.a(strlen.o)
 *(SORT(.bss.*))
 *(COMMON)
 COMMON         0x000000000000020e       0x18 build/mcu/keyboard_f1xx.o
                0x000000000000020e                index_buf
                0x0000000000000210                keyboard_buffer
                0x0000000000000224                write_index_buf
                0x0000000000000225                chars_in_buf
 COMMON         0x0000000000000226        0x4 build/mcu/display_f1xx.o
                0x0000000000000226                lcd_shift_addr
                0x0000000000000228                lcd_cursor_addr
 COMMON         0x000000000000022a        0x6 build/mcu/main_f1xx.o
                0x000000000000022a                last_ch
                0x000000000000022c                times
                0x000000000000022e                prirustek
 COMMON         0x0000000000000230        0x6 ../../..//mcu/libfitkit/build/libfitkit_f1xx.a(flash_f1xx.o)
                0x0000000000000230                CountPage
                0x0000000000000232                TypeBufferFlash
                0x0000000000000234                AdrBufferFlash
 COMMON         0x0000000000000236        0x2 ../../..//mcu/libfitkit/build/libfitkit_f1xx.a(terminal_f1xx.o)
                0x0000000000000236                Cmd_Old
                0x0000000000000237                Cmd
 COMMON         0x0000000000000238       0xf1 ../../..//mcu/libfitkit/build/libfitkit_f1xx.a(uart_f1xx.o)
                0x0000000000000238                BreakFlag
                0x0000000000000239                TransmitNum
                0x000000000000023a                ReceiveNum
                0x000000000000023c                ReceiveBuf
                0x00000000000002bc                ReceiveIndexRec
                0x00000000000002be                TransmitBuf
                0x0000000000000322                ErrorFlag
                0x0000000000000324                ReceiveIndex
                0x0000000000000326                TransmitIndexSend
                0x0000000000000327                TransmitIndex
                0x0000000000000328                PomRS232
 *fill*         0x0000000000000329        0x1 00
 COMMON         0x000000000000032a        0x4 ../../..//mcu/libfitkit/build/libfitkit_f1xx.a(filetransfer_f1xx.o)
                0x000000000000032a                cb_fun
                0x000000000000032c                cb_buf
 COMMON         0x000000000000032e       0x1e ../../..//mcu/libfitkit/build/libfitkit_f1xx.a(cmd_f1xx.o)
                0x000000000000032e                CMD_Long
                0x0000000000000332                CMDStr
                0x000000000000034b                CMDStrLen
                0x000000000000034c                PROVIDE (__bss_end, .)
                0x000000000000034c                _end = .
                0x000000000000013e                PROVIDE (__bss_size, SIZEOF (.bss))

.noinit         0x000000000000034c        0x0
                0x000000000000034c                PROVIDE (__noinit_start, .)
 *(.noinit)
 *(.noinit.*)
 *(COMMON)
                0x000000000000034c                PROVIDE (__noinit_end, .)
                0x000000000000034c                _end = .

.vectors        0x000000000000ffe0       0x20
                0x000000000000ffe0                PROVIDE (__vectors_start, .)
 *(.vectors*)
 .vectors       0x000000000000ffe0       0x20 /usr/bin/../lib/gcc-lib/msp430/3.2.3/../../../../msp430/lib/crt430x168.o
                0x000000000000ffe0                InterruptVectors
 *(.vectors*)
                0x0000000000010000                _vectors_end = .

.profiler
 *(.profiler)

.stab           0x0000000000000000      0x6a8
 *(.stab)
 .stab          0x0000000000000000       0xf0 /usr/bin/../lib/gcc-lib/msp430/3.2.3/../../../../msp430/lib/crt430x168.o
 .stab          0x00000000000000f0      0x180 /usr/bin/../lib/gcc-lib/msp430/3.2.3/../../../../msp430/lib/libc.a(isdigit.o)
                                        0x18c (size before relaxing)
 .stab          0x0000000000000270      0x438 /usr/bin/../lib/gcc-lib/msp430/3.2.3/../../../../msp430/lib/libc.a(strlen.o)
                                        0x444 (size before relaxing)

.stabstr        0x0000000000000000      0x9c2
 *(.stabstr)
 .stabstr       0x0000000000000000      0x9c2 /usr/bin/../lib/gcc-lib/msp430/3.2.3/../../../../msp430/lib/crt430x168.o

.stab.excl
 *(.stab.excl)

.stab.exclstr
 *(.stab.exclstr)

.stab.index
 *(.stab.index)

.stab.indexstr
 *(.stab.indexstr)

.comment
 *(.comment)

.debug
 *(.debug)

.line
 *(.line)

.debug_srcinfo
 *(.debug_srcinfo)

.debug_sfnames
 *(.debug_sfnames)

.debug_aranges
 *(.debug_aranges)

.debug_pubnames
 *(.debug_pubnames)

.debug_info
 *(.debug_info)
 *(.gnu.linkonce.wi.*)

.debug_abbrev
 *(.debug_abbrev)

.debug_line
 *(.debug_line)

.debug_frame
 *(.debug_frame)

.debug_str
 *(.debug_str)

.debug_loc
 *(.debug_loc)

.debug_macinfo
 *(.debug_macinfo)

.debug_pubtypes
 *(.debug_pubtypes)

.debug_ranges
 *(.debug_ranges)
                0x0000000000000a00                PROVIDE (__stack, 0xa00)
                0x000000000000905c                PROVIDE (__data_start_rom, _etext)
                0x000000000000906a                PROVIDE (__data_end_rom, (_etext + SIZEOF (.data)))
                0x000000000000906a                PROVIDE (__noinit_start_rom, (_etext + SIZEOF (.data)))
                0x000000000000906a                PROVIDE (__noinit_end_rom, ((_etext + SIZEOF (.data)) + SIZEOF (.noinit)))
                0x0000000000000000                PROVIDE (__subdevice_has_heap, 0x0)
OUTPUT(build/kblcd_f1xx.elf elf32-msp430)
