Archive member included because of file (symbol)

../../..//mcu/libfitkit/build/libfitkit_f1xx.a(fitkitlib_f1xx.o)
                              build/mcu/main_f1xx.o (initialize_hardware)
../../..//mcu/libfitkit/build/libfitkit_f1xx.a(flash_f1xx.o)
                              ../../..//mcu/libfitkit/build/libfitkit_f1xx.a(fitkitlib_f1xx.o) (flash_init)
../../..//mcu/libfitkit/build/libfitkit_f1xx.a(flash_fpga_f1xx.o)
                              ../../..//mcu/libfitkit/build/libfitkit_f1xx.a(fitkitlib_f1xx.o) (FPGAConfig_init)
../../..//mcu/libfitkit/build/libfitkit_f1xx.a(fpga_f1xx.o)
                              ../../..//mcu/libfitkit/build/libfitkit_f1xx.a(fitkitlib_f1xx.o) (FPGA_init)
../../..//mcu/libfitkit/build/libfitkit_f1xx.a(globfun_f1xx.o)
                              ../../..//mcu/libfitkit/build/libfitkit_f1xx.a(flash_f1xx.o) (long2str)
../../..//mcu/libfitkit/build/libfitkit_f1xx.a(spi_f1xx.o)
                              ../../..//mcu/libfitkit/build/libfitkit_f1xx.a(fitkitlib_f1xx.o) (SPI_Init)
../../..//mcu/libfitkit/build/libfitkit_f1xx.a(terminal_f1xx.o)
                              ../../..//mcu/libfitkit/build/libfitkit_f1xx.a(fitkitlib_f1xx.o) (terminal_init)
../../..//mcu/libfitkit/build/libfitkit_f1xx.a(timer_b_f1xx.o)
                              ../../..//mcu/libfitkit/build/libfitkit_f1xx.a(fitkitlib_f1xx.o) (timerb_init)
../../..//mcu/libfitkit/build/libfitkit_f1xx.a(uart_f1xx.o)
                              ../../..//mcu/libfitkit/build/libfitkit_f1xx.a(terminal_f1xx.o) (serial_init)
../../..//mcu/libfitkit/build/libfitkit_f1xx.a(filetransfer_f1xx.o)
                              ../../..//mcu/libfitkit/build/libfitkit_f1xx.a(fitkitlib_f1xx.o) (SPI_WriteFile)
../../..//mcu/libfitkit/build/libfitkit_f1xx.a(cmd_f1xx.o)
                              ../../..//mcu/libfitkit/build/libfitkit_f1xx.a(terminal_f1xx.o) (term_cmd_clear)
/usr/bin/../lib/gcc-lib/msp430/3.2.3/libgcc.a(__stop_progExec__.o)
                              build/mcu/main_f1xx.o (__stop_progExec__)
/usr/bin/../lib/gcc-lib/msp430/3.2.3/libgcc.a(_mulsi3hw.o)
                              ../../..//mcu/libfitkit/build/libfitkit_f1xx.a(flash_f1xx.o) (__umulsi3hw)
/usr/bin/../lib/gcc-lib/msp430/3.2.3/libgcc.a(_udivmodsi4.o)
                              ../../..//mcu/libfitkit/build/libfitkit_f1xx.a(flash_f1xx.o) (__udivmodsi4)
/usr/bin/../lib/gcc-lib/msp430/3.2.3/libgcc.a(_divmodsi4.o)
                              ../../..//mcu/libfitkit/build/libfitkit_f1xx.a(flash_f1xx.o) (__divmodsi4)
/usr/bin/../lib/gcc-lib/msp430/3.2.3/libgcc.a(_reset_vector__.o)
                              /usr/bin/../lib/gcc-lib/msp430/3.2.3/../../../../msp430/lib/crt430x168.o (_reset_vector__)
/usr/bin/../lib/gcc-lib/msp430/3.2.3/libgcc.a(__low_level_init.o)
                              /usr/bin/../lib/gcc-lib/msp430/3.2.3/libgcc.a(_reset_vector__.o) (__low_level_init)
/usr/bin/../lib/gcc-lib/msp430/3.2.3/libgcc.a(__init_stack.o)
                              /usr/bin/../lib/gcc-lib/msp430/3.2.3/libgcc.a(_reset_vector__.o) (__init_stack)
/usr/bin/../lib/gcc-lib/msp430/3.2.3/libgcc.a(_copy_data.o)
                              /usr/bin/../lib/gcc-lib/msp430/3.2.3/libgcc.a(_reset_vector__.o) (__do_copy_data)
/usr/bin/../lib/gcc-lib/msp430/3.2.3/libgcc.a(_clear_bss.o)
                              /usr/bin/../lib/gcc-lib/msp430/3.2.3/libgcc.a(_reset_vector__.o) (__do_clear_bss)
/usr/bin/../lib/gcc-lib/msp430/3.2.3/libgcc.a(__jump_to_main.o)
                              /usr/bin/../lib/gcc-lib/msp430/3.2.3/libgcc.a(_reset_vector__.o) (__jump_to_main)
/usr/bin/../lib/gcc-lib/msp430/3.2.3/../../../../msp430/lib/libc.a(isdigit.o)
                              ../../..//mcu/libfitkit/build/libfitkit_f1xx.a(globfun_f1xx.o) (isdigit)
/usr/bin/../lib/gcc-lib/msp430/3.2.3/../../../../msp430/lib/libc.a(strlen.o)
                              build/mcu/display_f1xx.o (strlen)

Allocating common symbols
Common symbol       size              file

BreakFlag           0x1               ../../..//mcu/libfitkit/build/libfitkit_f1xx.a(uart_f1xx.o)
TransmitNum         0x1               ../../..//mcu/libfitkit/build/libfitkit_f1xx.a(uart_f1xx.o)
last_ch             0x1               build/mcu/main_f1xx.o
index_buf           0x1               build/mcu/keyboard_f1xx.o
Cmd_Old             0x1               ../../..//mcu/libfitkit/build/libfitkit_f1xx.a(terminal_f1xx.o)
cb_fun              0x2               ../../..//mcu/libfitkit/build/libfitkit_f1xx.a(filetransfer_f1xx.o)
lcd_shift_addr      0x2               build/mcu/display_f1xx.o
ReceiveNum          0x2               ../../..//mcu/libfitkit/build/libfitkit_f1xx.a(uart_f1xx.o)
lcd_cursor_addr     0x2               build/mcu/display_f1xx.o
cb_buf              0x2               ../../..//mcu/libfitkit/build/libfitkit_f1xx.a(filetransfer_f1xx.o)
CMD_Long            0x4               ../../..//mcu/libfitkit/build/libfitkit_f1xx.a(cmd_f1xx.o)
keyboard_buffer     0x14              build/mcu/keyboard_f1xx.o
CountPage           0x2               ../../..//mcu/libfitkit/build/libfitkit_f1xx.a(flash_f1xx.o)
ReceiveBuf          0x7f              ../../..//mcu/libfitkit/build/libfitkit_f1xx.a(uart_f1xx.o)
ReceiveIndexRec     0x2               ../../..//mcu/libfitkit/build/libfitkit_f1xx.a(uart_f1xx.o)
TransmitBuf         0x64              ../../..//mcu/libfitkit/build/libfitkit_f1xx.a(uart_f1xx.o)
ErrorFlag           0x1               ../../..//mcu/libfitkit/build/libfitkit_f1xx.a(uart_f1xx.o)
ReceiveIndex        0x2               ../../..//mcu/libfitkit/build/libfitkit_f1xx.a(uart_f1xx.o)
TransmitIndexSend   0x1               ../../..//mcu/libfitkit/build/libfitkit_f1xx.a(uart_f1xx.o)
TypeBufferFlash     0x1               ../../..//mcu/libfitkit/build/libfitkit_f1xx.a(flash_f1xx.o)
TransmitIndex       0x1               ../../..//mcu/libfitkit/build/libfitkit_f1xx.a(uart_f1xx.o)
PomRS232            0x1               ../../..//mcu/libfitkit/build/libfitkit_f1xx.a(uart_f1xx.o)
AdrBufferFlash      0x2               ../../..//mcu/libfitkit/build/libfitkit_f1xx.a(flash_f1xx.o)
CMDStr              0x19              ../../..//mcu/libfitkit/build/libfitkit_f1xx.a(cmd_f1xx.o)
Cmd                 0x1               ../../..//mcu/libfitkit/build/libfitkit_f1xx.a(terminal_f1xx.o)
write_index_buf     0x1               build/mcu/keyboard_f1xx.o
chars_in_buf        0x1               build/mcu/keyboard_f1xx.o
CMDStrLen           0x1               ../../..//mcu/libfitkit/build/libfitkit_f1xx.a(cmd_f1xx.o)

Memory Configuration

Name             Origin             Length             Attributes
text             0x0000000000004000 0x000000000000bfe0 xr
data             0x0000000000000200 0x0000000000000800 xrw
vectors          0x000000000000ffe0 0x0000000000000020 rw
bootloader       0x0000000000000c00 0x0000000000000400 xr
infomem          0x0000000000001000 0x0000000000000100 xr
infomemnobits    0x0000000000001000 0x0000000000000100 xr
*default*        0x0000000000000000 0xffffffffffffffff

Linker script and memory map

LOAD /usr/bin/../lib/gcc-lib/msp430/3.2.3/../../../../msp430/lib/crt430x168.o
LOAD build/mcu/keyboard_f1xx.o
LOAD build/mcu/display_f1xx.o
LOAD build/mcu/main_f1xx.o
LOAD ../../..//mcu/libfitkit/build/libfitkit_f1xx.a
LOAD /usr/bin/../lib/gcc-lib/msp430/3.2.3/libgcc.a
LOAD /usr/bin/../lib/gcc-lib/msp430/3.2.3/../../../../msp430/lib/libc.a
LOAD /usr/bin/../lib/gcc-lib/msp430/3.2.3/libgcc.a

.hash
 *(.hash)

.dynsym
 *(.dynsym)

.dynstr
 *(.dynstr)

.gnu.version
 *(.gnu.version)

.gnu.version_d
 *(.gnu.version_d)

.gnu.version_r
 *(.gnu.version_r)

.rel.init
 *(.rel.init)

.rela.init
 *(.rela.init)

.rel.text
 *(.rel.text)
 *(.rel.text.*)
 *(.rel.gnu.linkonce.t*)

.rela.text
 *(.rela.text)
 *(.rela.text.*)
 *(.rela.gnu.linkonce.t*)

.rel.fini
 *(.rel.fini)

.rela.fini
 *(.rela.fini)

.rel.rodata
 *(.rel.rodata)
 *(.rel.rodata.*)
 *(.rel.gnu.linkonce.r*)

.rela.rodata
 *(.rela.rodata)
 *(.rela.rodata.*)
 *(.rela.gnu.linkonce.r*)

.rel.data
 *(.rel.data)
 *(.rel.data.*)
 *(.rel.gnu.linkonce.d*)

.rela.data
 *(.rela.data)
 *(.rela.data.*)
 *(.rela.gnu.linkonce.d*)

.rel.ctors
 *(.rel.ctors)

.rela.ctors
 *(.rela.ctors)

.rel.dtors
 *(.rel.dtors)

.rela.dtors
 *(.rela.dtors)

.rel.got
 *(.rel.got)

.rela.got
 *(.rela.got)

.rel.bss
 *(.rel.bss)

.rela.bss
 *(.rela.bss)

.rel.plt
 *(.rel.plt)

.rela.plt
 *(.rela.plt)

.text           0x0000000000004000     0x4d18
                0x0000000000004000                . = ALIGN (0x2)
 *(.init)
 *(.init)
 *(.init0)
 .init0         0x0000000000004000        0x0 /usr/bin/../lib/gcc-lib/msp430/3.2.3/libgcc.a(_reset_vector__.o)
                0x0000000000004000                _reset_vector__
 *(.init0)
 *(.init1)
 *(.init1)
 *(.init2)
 .init2         0x0000000000004000        0x4 /usr/bin/../lib/gcc-lib/msp430/3.2.3/libgcc.a(__init_stack.o)
                0x0000000000004000                __init_stack
 *(.init2)
 *(.init3)
 .init3         0x0000000000004004        0x6 /usr/bin/../lib/gcc-lib/msp430/3.2.3/libgcc.a(__low_level_init.o)
                0x0000000000004004                __low_level_init
 *(.init3)
 *(.init4)
 .init4         0x000000000000400a       0x12 /usr/bin/../lib/gcc-lib/msp430/3.2.3/libgcc.a(_copy_data.o)
                0x000000000000400a                __do_copy_data
 .init4         0x000000000000401c       0x10 /usr/bin/../lib/gcc-lib/msp430/3.2.3/libgcc.a(_clear_bss.o)
                0x000000000000401c                __do_clear_bss
 *(.init4)
 *(.init5)
 *(.init5)
 *(.init6)
 *(.init6)
 *(.init7)
 *(.init7)
 *(.init8)
 *(.init8)
 *(.init9)
 .init9         0x000000000000402c        0x4 /usr/bin/../lib/gcc-lib/msp430/3.2.3/libgcc.a(__jump_to_main.o)
                0x000000000000402c                __jump_to_main
 *(.init9)
                0x0000000000004030                __ctors_start = .
 *(.ctors)
 *(.ctors)
                0x0000000000004030                __ctors_end = .
                0x0000000000004030                __dtors_start = .
 *(.dtors)
 *(.dtors)
                0x0000000000004030                __dtors_end = .
                0x0000000000004030                . = ALIGN (0x2)
 *(.text)
 .text          0x0000000000004030        0x6 /usr/bin/../lib/gcc-lib/msp430/3.2.3/../../../../msp430/lib/crt430x168.o
                0x0000000000004030                _unexpected_1_
                0x0000000000004030                vector_ffe0
                0x0000000000004030                vector_ffec
                0x0000000000004030                vector_fffc
                0x0000000000004030                vector_ffe4
                0x0000000000004030                vector_ffe2
                0x0000000000004030                vector_ffe8
                0x0000000000004034                _unexpected_
                0x0000000000004030                vector_fffa
                0x0000000000004030                vector_ffee
                0x0000000000004030                vector_fff4
                0x0000000000004030                vector_fff8
                0x0000000000004030                vector_ffe6
                0x0000000000004030                vector_fff6
                0x0000000000004030                vector_ffea
 .text          0x0000000000004036      0x1aa build/mcu/keyboard_f1xx.o
                0x0000000000004078                keyboard_handle_interrupt
                0x00000000000040c6                key_decode
                0x0000000000004036                keyboard_get_char
 .text          0x00000000000041e0      0x280 build/mcu/display_f1xx.o
                0x000000000000423c                LCD_clear
                0x0000000000004430                LCD_rotate
                0x000000000000426e                LCD_init
                0x00000000000043aa                LCD_write_string
                0x00000000000042b8                LCD_load_char
                0x000000000000429a                LCD_char2dis
                0x0000000000004328                LCD_append_char
                0x00000000000043ce                LCD_append_string
                0x00000000000041e0                LCD_send_cmd
 .text          0x0000000000004460      0x2d2 build/mcu/main_f1xx.o
                0x00000000000045fa                keyboard_idle
                0x00000000000044d0                print_song
                0x0000000000004496                print_note
                0x000000000000446a                decode_user_cmd
                0x0000000000004460                print_user_help
                0x0000000000004578                print_hlaska
                0x00000000000046f6                main
                0x000000000000448c                fpga_initialized
 .text          0x0000000000004732      0x406 ../../..//mcu/libfitkit/build/libfitkit_f1xx.a(fitkitlib_f1xx.o)
                0x000000000000475e                clock_system_init
                0x0000000000004732                delay_cycle
                0x00000000000047a0                smclk_stop
                0x0000000000004824                fpga_configure_from_flash
                0x0000000000004a18                initialize_hardware_
                0x0000000000004b28                initialize_hardware
                0x0000000000004922                fpga_configure_from_mcu
 .text          0x0000000000004b38     0x1448 ../../..//mcu/libfitkit/build/libfitkit_f1xx.a(flash_f1xx.o)
                0x0000000000005c0e                FLASH_Dump_Page
                0x0000000000005afa                FLASH_EraseAll
                0x000000000000548e                FLASH_ReadDataBuffer
                0x0000000000005a4e                FLASH_ErasePage
                0x0000000000004f32                FLASH_print_status
                0x0000000000005bb2                FLASH_Dump_Block
                0x0000000000005cbe                FLASH_Dump_Adr
                0x0000000000004c30                flash_init
                0x0000000000005aa4                FLASH_EraseBlock
                0x000000000000567c                FLASH_ReadDataA
                0x00000000000053fe                FLASH_WriteDataBuffer
                0x0000000000004d2c                FLASH_availablepages
                0x0000000000005612                FLASH_isPageBlank
                0x0000000000004e0c                FLASH_IsReady
                0x0000000000004d9a                FLASH_blocks
                0x0000000000004b38                FLASH_PageToAddr
                0x0000000000005332                FLASH_WriteToBuffer
                0x0000000000005980                FLASH_WriteByte
                0x00000000000055a4                FLASH_ReadData_Finalize
                0x0000000000005776                FLASH_ReadMemoryBuffer
                0x0000000000004db4                FLASH_size
                0x0000000000005b62                FLASH_Dump_All
                0x0000000000004b6a                flash_init_
                0x0000000000005700                FLASH_WriteBufferMemory
                0x000000000000552a                FLASH_ReadData_Initialize
                0x00000000000055b2                FLASH_ReadData
                0x0000000000005a24                FLASH_EraseByte
                0x0000000000004dda                FLASH_ReadStatus
                0x00000000000057fa                FLASH_ProgFPGA
 .text          0x0000000000005f80      0x418 ../../..//mcu/libfitkit/build/libfitkit_f1xx.a(flash_fpga_f1xx.o)
                0x0000000000005f80                delay_cycle_
                0x000000000000612c                FPGAConfig_finalize
                0x000000000000617e                FPGAConfig_detect_fpga
                0x0000000000006046                FPGAConfig_initialize
                0x0000000000005fac                FPGAConfig_init
 .text          0x0000000000006398      0x290 ../../..//mcu/libfitkit/build/libfitkit_f1xx.a(fpga_f1xx.o)
                0x00000000000063ce                FPGA_SPI_RW_A8_D8
                0x000000000000641e                FPGA_SPI_RW_A8_D16
                0x0000000000006532                FPGA_SPI_RW_AN_DN
                0x0000000000006494                FPGA_SPI_RW_A8_DN
                0x0000000000006398                FPGA_init
                0x00000000000063aa                FPGA_reset
 .text          0x0000000000006628      0x706 ../../..//mcu/libfitkit/build/libfitkit_f1xx.a(globfun_f1xx.o)
                0x0000000000006628                chr2bin
                0x000000000000673a                chr2digit
                0x00000000000066e2                chr2hex
                0x0000000000006adc                strrev
                0x000000000000686c                str2long
                0x000000000000693c                str2long_2x
                0x00000000000067b6                hex2chr
                0x0000000000006696                digit2chr
                0x0000000000006b48                strupper
                0x0000000000006bde                long2str
                0x000000000000680a                rchr
 .text          0x0000000000006d2e       0xbe ../../..//mcu/libfitkit/build/libfitkit_f1xx.a(spi_f1xx.o)
                0x0000000000006d70                SPI_Close
                0x0000000000006d90                SPI_read_wait_write
                0x0000000000006dc0                SPI_write_wait_read
                0x0000000000006d2e                SPI_Init
 .text          0x0000000000006dec      0x926 ../../..//mcu/libfitkit/build/libfitkit_f1xx.a(terminal_f1xx.o)
                0x0000000000006e10                terminal_init
                0x000000000000711c                terminal_idle_cb
                0x0000000000007702                terminal_idle
 .text          0x0000000000007712       0xdc ../../..//mcu/libfitkit/build/libfitkit_f1xx.a(timer_b_f1xx.o)
                0x0000000000007712                timerb_init
                0x0000000000007728                delay_ms
 .text          0x00000000000077ee      0x3fc ../../..//mcu/libfitkit/build/libfitkit_f1xx.a(uart_f1xx.o)
                0x000000000000793c                term_send_str
                0x0000000000007b40                TxintrRS232
                0x000000000000797a                term_send_num
                0x00000000000079bc                term_send_hex
                0x0000000000007b82                RxintrRS232
                0x0000000000007b40                vector_fff0
                0x0000000000007a40                term_rcv_block
                0x00000000000078dc                term_send_char_idle
                0x000000000000785c                serial_close
                0x0000000000007ade                term_rcv_char_t
                0x0000000000007b82                vector_fff2
                0x00000000000077ee                serial_init
                0x0000000000007904                term_send_char_hex
                0x00000000000079fe                term_rcv_char
                0x0000000000007896                term_send_char
 .text          0x0000000000007bea      0x878 ../../..//mcu/libfitkit/build/libfitkit_f1xx.a(filetransfer_f1xx.o)
                0x0000000000007cac                send_header
                0x00000000000081bc                SPI_WriteFile
                0x00000000000080fa                sendPageSPI
                0x000000000000838e                ReceiveFile
                0x0000000000007e1a                writePageToFlash
                0x0000000000008258                FLASH_WriteFile
                0x0000000000007bea                serial_rx_timeout
                0x00000000000082b6                cbPage
                0x0000000000007fc0                transmittFile
                0x0000000000007c46                serial_tx_buf
 .text          0x0000000000008462      0x7f2 ../../..//mcu/libfitkit/build/libfitkit_f1xx.a(cmd_f1xx.o)
                0x000000000000853c                term_cmd_decode
                0x0000000000008470                term_cmd_read
                0x0000000000008462                term_cmd_clear
 .text          0x0000000000008c54        0x0 /usr/bin/../lib/gcc-lib/msp430/3.2.3/libgcc.a(__stop_progExec__.o)
 .text          0x0000000000008c54        0x0 /usr/bin/../lib/gcc-lib/msp430/3.2.3/libgcc.a(_mulsi3hw.o)
 .text          0x0000000000008c54        0x0 /usr/bin/../lib/gcc-lib/msp430/3.2.3/libgcc.a(_udivmodsi4.o)
 .text          0x0000000000008c54        0x0 /usr/bin/../lib/gcc-lib/msp430/3.2.3/libgcc.a(_divmodsi4.o)
 .text          0x0000000000008c54        0x0 /usr/bin/../lib/gcc-lib/msp430/3.2.3/libgcc.a(_reset_vector__.o)
 .text          0x0000000000008c54        0x0 /usr/bin/../lib/gcc-lib/msp430/3.2.3/libgcc.a(__low_level_init.o)
 .text          0x0000000000008c54        0x0 /usr/bin/../lib/gcc-lib/msp430/3.2.3/libgcc.a(__init_stack.o)
 .text          0x0000000000008c54        0x0 /usr/bin/../lib/gcc-lib/msp430/3.2.3/libgcc.a(_copy_data.o)
 .text          0x0000000000008c54        0x0 /usr/bin/../lib/gcc-lib/msp430/3.2.3/libgcc.a(_clear_bss.o)
 .text          0x0000000000008c54        0x0 /usr/bin/../lib/gcc-lib/msp430/3.2.3/libgcc.a(__jump_to_main.o)
 .text          0x0000000000008c54       0x12 /usr/bin/../lib/gcc-lib/msp430/3.2.3/../../../../msp430/lib/libc.a(isdigit.o)
                0x0000000000008c54                isdigit
 .text          0x0000000000008c66       0x14 /usr/bin/../lib/gcc-lib/msp430/3.2.3/../../../../msp430/lib/libc.a(strlen.o)
                0x0000000000008c66                strlen
                0x0000000000008c7a                . = ALIGN (0x2)
 *(.text.*)
 .text.libgcc   0x0000000000008c7a        0x0 /usr/bin/../lib/gcc-lib/msp430/3.2.3/libgcc.a(__stop_progExec__.o)
 .text.libgcc   0x0000000000008c7a       0x28 /usr/bin/../lib/gcc-lib/msp430/3.2.3/libgcc.a(_mulsi3hw.o)
                0x0000000000008c7a                __umulsi3hw
 .text.libgcc   0x0000000000008ca2       0x2a /usr/bin/../lib/gcc-lib/msp430/3.2.3/libgcc.a(_udivmodsi4.o)
                0x0000000000008ca2                __udivmodsi4
 .text.libgcc   0x0000000000008ccc       0x4a /usr/bin/../lib/gcc-lib/msp430/3.2.3/libgcc.a(_divmodsi4.o)
                0x0000000000008ccc                __divmodsi4
 .text.libgcc   0x0000000000008d16        0x0 /usr/bin/../lib/gcc-lib/msp430/3.2.3/libgcc.a(_reset_vector__.o)
 .text.libgcc   0x0000000000008d16        0x0 /usr/bin/../lib/gcc-lib/msp430/3.2.3/libgcc.a(__low_level_init.o)
 .text.libgcc   0x0000000000008d16        0x0 /usr/bin/../lib/gcc-lib/msp430/3.2.3/libgcc.a(__init_stack.o)
 .text.libgcc   0x0000000000008d16        0x0 /usr/bin/../lib/gcc-lib/msp430/3.2.3/libgcc.a(_copy_data.o)
 .text.libgcc   0x0000000000008d16        0x0 /usr/bin/../lib/gcc-lib/msp430/3.2.3/libgcc.a(_clear_bss.o)
 .text.libgcc   0x0000000000008d16        0x0 /usr/bin/../lib/gcc-lib/msp430/3.2.3/libgcc.a(__jump_to_main.o)
                0x0000000000008d16                . = ALIGN (0x2)
 *(.fini9)
 .fini9         0x0000000000008d16        0x0 /usr/bin/../lib/gcc-lib/msp430/3.2.3/libgcc.a(__stop_progExec__.o)
                0x0000000000008d16                __stop_progExec__
 *(.fini9)
 *(.fini8)
 *(.fini8)
 *(.fini7)
 *(.fini7)
 *(.fini6)
 *(.fini6)
 *(.fini5)
 *(.fini5)
 *(.fini4)
 *(.fini4)
 *(.fini3)
 *(.fini3)
 *(.fini2)
 *(.fini2)
 *(.fini1)
 *(.fini1)
 *(.fini0)
 .fini0         0x0000000000008d16        0x2 /usr/bin/../lib/gcc-lib/msp430/3.2.3/libgcc.a(__stop_progExec__.o)
 *(.fini0)
 *(.fini)
 *(.fini)
                0x0000000000008d18                _etext = .

.data           0x0000000000000200        0x8 load address 0x0000000000008d18
                0x0000000000000200                PROVIDE (__data_start, .)
                0x0000000000000200                . = ALIGN (0x2)
 *(.data)
 .data          0x0000000000000200        0x0 /usr/bin/../lib/gcc-lib/msp430/3.2.3/../../../../msp430/lib/crt430x168.o
 .data          0x0000000000000200        0x0 build/mcu/keyboard_f1xx.o
 .data          0x0000000000000200        0x0 build/mcu/display_f1xx.o
 .data          0x0000000000000200        0x1 build/mcu/main_f1xx.o
                0x0000000000000200                char_cnt
 *fill*         0x0000000000000201        0x1 00
 .data          0x0000000000000202        0x4 ../../..//mcu/libfitkit/build/libfitkit_f1xx.a(fitkitlib_f1xx.o)
                0x0000000000000202                FPGA_config_length
 .data          0x0000000000000206        0x2 ../../..//mcu/libfitkit/build/libfitkit_f1xx.a(flash_f1xx.o)
                0x0000000000000206                CNT_PAGES
 .data          0x0000000000000208        0x0 ../../..//mcu/libfitkit/build/libfitkit_f1xx.a(flash_fpga_f1xx.o)
 .data          0x0000000000000208        0x0 ../../..//mcu/libfitkit/build/libfitkit_f1xx.a(fpga_f1xx.o)
 .data          0x0000000000000208        0x0 ../../..//mcu/libfitkit/build/libfitkit_f1xx.a(globfun_f1xx.o)
 .data          0x0000000000000208        0x0 ../../..//mcu/libfitkit/build/libfitkit_f1xx.a(spi_f1xx.o)
 .data          0x0000000000000208        0x0 ../../..//mcu/libfitkit/build/libfitkit_f1xx.a(terminal_f1xx.o)
 .data          0x0000000000000208        0x0 ../../..//mcu/libfitkit/build/libfitkit_f1xx.a(timer_b_f1xx.o)
 .data          0x0000000000000208        0x0 ../../..//mcu/libfitkit/build/libfitkit_f1xx.a(uart_f1xx.o)
 .data          0x0000000000000208        0x0 ../../..//mcu/libfitkit/build/libfitkit_f1xx.a(filetransfer_f1xx.o)
 .data          0x0000000000000208        0x0 ../../..//mcu/libfitkit/build/libfitkit_f1xx.a(cmd_f1xx.o)
 .data          0x0000000000000208        0x0 /usr/bin/../lib/gcc-lib/msp430/3.2.3/libgcc.a(__stop_progExec__.o)
 .data          0x0000000000000208        0x0 /usr/bin/../lib/gcc-lib/msp430/3.2.3/libgcc.a(_mulsi3hw.o)
 .data          0x0000000000000208        0x0 /usr/bin/../lib/gcc-lib/msp430/3.2.3/libgcc.a(_udivmodsi4.o)
 .data          0x0000000000000208        0x0 /usr/bin/../lib/gcc-lib/msp430/3.2.3/libgcc.a(_divmodsi4.o)
 .data          0x0000000000000208        0x0 /usr/bin/../lib/gcc-lib/msp430/3.2.3/libgcc.a(_reset_vector__.o)
 .data          0x0000000000000208        0x0 /usr/bin/../lib/gcc-lib/msp430/3.2.3/libgcc.a(__low_level_init.o)
 .data          0x0000000000000208        0x0 /usr/bin/../lib/gcc-lib/msp430/3.2.3/libgcc.a(__init_stack.o)
 .data          0x0000000000000208        0x0 /usr/bin/../lib/gcc-lib/msp430/3.2.3/libgcc.a(_copy_data.o)
 .data          0x0000000000000208        0x0 /usr/bin/../lib/gcc-lib/msp430/3.2.3/libgcc.a(_clear_bss.o)
 .data          0x0000000000000208        0x0 /usr/bin/../lib/gcc-lib/msp430/3.2.3/libgcc.a(__jump_to_main.o)
 .data          0x0000000000000208        0x0 /usr/bin/../lib/gcc-lib/msp430/3.2.3/../../../../msp430/lib/libc.a(isdigit.o)
 .data          0x0000000000000208        0x0 /usr/bin/../lib/gcc-lib/msp430/3.2.3/../../../../msp430/lib/libc.a(strlen.o)
 *(SORT(.data.*))
                0x0000000000000208                . = ALIGN (0x2)
 *(.gnu.linkonce.d*)
                0x0000000000000208                . = ALIGN (0x2)
                0x0000000000000208                _edata = .
                0x0000000000008d18                PROVIDE (__data_load_start, LOADADDR (.data))
                0x0000000000000008                PROVIDE (__data_size, SIZEOF (.data))

.bootloader     0x0000000000000c00        0x0
                0x0000000000000c00                PROVIDE (__boot_start, .)
 *(.bootloader)
                0x0000000000000c00                . = ALIGN (0x2)
 *(.bootloader.*)

.infomem        0x0000000000001000        0x0
 *(.infomem)
                0x0000000000001000                . = ALIGN (0x2)
 *(.infomem.*)

.infomemnobits  0x0000000000001000        0x0
 *(.infomemnobits)
                0x0000000000001000                . = ALIGN (0x2)
 *(.infomemnobits.*)

.bss            0x0000000000000208      0x13a
                0x0000000000000208                PROVIDE (__bss_start, .)
 *(.bss)
 .bss           0x0000000000000208        0x0 /usr/bin/../lib/gcc-lib/msp430/3.2.3/../../../../msp430/lib/crt430x168.o
 .bss           0x0000000000000208        0x0 build/mcu/keyboard_f1xx.o
 .bss           0x0000000000000208        0x0 build/mcu/display_f1xx.o
 .bss           0x0000000000000208        0x0 build/mcu/main_f1xx.o
 .bss           0x0000000000000208        0x0 ../../..//mcu/libfitkit/build/libfitkit_f1xx.a(fitkitlib_f1xx.o)
 .bss           0x0000000000000208        0x0 ../../..//mcu/libfitkit/build/libfitkit_f1xx.a(flash_f1xx.o)
 .bss           0x0000000000000208        0x0 ../../..//mcu/libfitkit/build/libfitkit_f1xx.a(flash_fpga_f1xx.o)
 .bss           0x0000000000000208        0x0 ../../..//mcu/libfitkit/build/libfitkit_f1xx.a(fpga_f1xx.o)
 .bss           0x0000000000000208        0x0 ../../..//mcu/libfitkit/build/libfitkit_f1xx.a(globfun_f1xx.o)
 .bss           0x0000000000000208        0x0 ../../..//mcu/libfitkit/build/libfitkit_f1xx.a(spi_f1xx.o)
 .bss           0x0000000000000208        0x0 ../../..//mcu/libfitkit/build/libfitkit_f1xx.a(terminal_f1xx.o)
 .bss           0x0000000000000208        0x0 ../../..//mcu/libfitkit/build/libfitkit_f1xx.a(timer_b_f1xx.o)
 .bss           0x0000000000000208        0x0 ../../..//mcu/libfitkit/build/libfitkit_f1xx.a(uart_f1xx.o)
 .bss           0x0000000000000208        0x0 ../../..//mcu/libfitkit/build/libfitkit_f1xx.a(filetransfer_f1xx.o)
 .bss           0x0000000000000208        0x0 ../../..//mcu/libfitkit/build/libfitkit_f1xx.a(cmd_f1xx.o)
 .bss           0x0000000000000208        0x0 /usr/bin/../lib/gcc-lib/msp430/3.2.3/libgcc.a(__stop_progExec__.o)
 .bss           0x0000000000000208        0x0 /usr/bin/../lib/gcc-lib/msp430/3.2.3/libgcc.a(_mulsi3hw.o)
 .bss           0x0000000000000208        0x0 /usr/bin/../lib/gcc-lib/msp430/3.2.3/libgcc.a(_udivmodsi4.o)
 .bss           0x0000000000000208        0x0 /usr/bin/../lib/gcc-lib/msp430/3.2.3/libgcc.a(_divmodsi4.o)
 .bss           0x0000000000000208        0x0 /usr/bin/../lib/gcc-lib/msp430/3.2.3/libgcc.a(_reset_vector__.o)
 .bss           0x0000000000000208        0x0 /usr/bin/../lib/gcc-lib/msp430/3.2.3/libgcc.a(__low_level_init.o)
 .bss           0x0000000000000208        0x0 /usr/bin/../lib/gcc-lib/msp430/3.2.3/libgcc.a(__init_stack.o)
 .bss           0x0000000000000208        0x0 /usr/bin/../lib/gcc-lib/msp430/3.2.3/libgcc.a(_copy_data.o)
 .bss           0x0000000000000208        0x0 /usr/bin/../lib/gcc-lib/msp430/3.2.3/libgcc.a(_clear_bss.o)
 .bss           0x0000000000000208        0x0 /usr/bin/../lib/gcc-lib/msp430/3.2.3/libgcc.a(__jump_to_main.o)
 .bss           0x0000000000000208        0x0 /usr/bin/../lib/gcc-lib/msp430/3.2.3/../../../../msp430/lib/libc.a(isdigit.o)
 .bss           0x0000000000000208        0x0 /usr/bin/../lib/gcc-lib/msp430/3.2.3/../../../../msp430/lib/libc.a(strlen.o)
 *(SORT(.bss.*))
 *(COMMON)
 COMMON         0x0000000000000208       0x18 build/mcu/keyboard_f1xx.o
                0x0000000000000208                index_buf
                0x000000000000020a                keyboard_buffer
                0x000000000000021e                write_index_buf
                0x000000000000021f                chars_in_buf
 COMMON         0x0000000000000220        0x4 build/mcu/display_f1xx.o
                0x0000000000000220                lcd_shift_addr
                0x0000000000000222                lcd_cursor_addr
 COMMON         0x0000000000000224        0x1 build/mcu/main_f1xx.o
                0x0000000000000224                last_ch
 *fill*         0x0000000000000225        0x1 00
 COMMON         0x0000000000000226        0x6 ../../..//mcu/libfitkit/build/libfitkit_f1xx.a(flash_f1xx.o)
                0x0000000000000226                CountPage
                0x0000000000000228                TypeBufferFlash
                0x000000000000022a                AdrBufferFlash
 COMMON         0x000000000000022c        0x2 ../../..//mcu/libfitkit/build/libfitkit_f1xx.a(terminal_f1xx.o)
                0x000000000000022c                Cmd_Old
                0x000000000000022d                Cmd
 COMMON         0x000000000000022e       0xf1 ../../..//mcu/libfitkit/build/libfitkit_f1xx.a(uart_f1xx.o)
                0x000000000000022e                BreakFlag
                0x000000000000022f                TransmitNum
                0x0000000000000230                ReceiveNum
                0x0000000000000232                ReceiveBuf
                0x00000000000002b2                ReceiveIndexRec
                0x00000000000002b4                TransmitBuf
                0x0000000000000318                ErrorFlag
                0x000000000000031a                ReceiveIndex
                0x000000000000031c                TransmitIndexSend
                0x000000000000031d                TransmitIndex
                0x000000000000031e                PomRS232
 *fill*         0x000000000000031f        0x1 00
 COMMON         0x0000000000000320        0x4 ../../..//mcu/libfitkit/build/libfitkit_f1xx.a(filetransfer_f1xx.o)
                0x0000000000000320                cb_fun
                0x0000000000000322                cb_buf
 COMMON         0x0000000000000324       0x1e ../../..//mcu/libfitkit/build/libfitkit_f1xx.a(cmd_f1xx.o)
                0x0000000000000324                CMD_Long
                0x0000000000000328                CMDStr
                0x0000000000000341                CMDStrLen
                0x0000000000000342                PROVIDE (__bss_end, .)
                0x0000000000000342                _end = .
                0x000000000000013a                PROVIDE (__bss_size, SIZEOF (.bss))

.noinit         0x0000000000000342        0x0
                0x0000000000000342                PROVIDE (__noinit_start, .)
 *(.noinit)
 *(.noinit.*)
 *(COMMON)
                0x0000000000000342                PROVIDE (__noinit_end, .)
                0x0000000000000342                _end = .

.vectors        0x000000000000ffe0       0x20
                0x000000000000ffe0                PROVIDE (__vectors_start, .)
 *(.vectors*)
 .vectors       0x000000000000ffe0       0x20 /usr/bin/../lib/gcc-lib/msp430/3.2.3/../../../../msp430/lib/crt430x168.o
                0x000000000000ffe0                InterruptVectors
 *(.vectors*)
                0x0000000000010000                _vectors_end = .

.profiler
 *(.profiler)

.stab           0x0000000000000000      0x6a8
 *(.stab)
 .stab          0x0000000000000000       0xf0 /usr/bin/../lib/gcc-lib/msp430/3.2.3/../../../../msp430/lib/crt430x168.o
 .stab          0x00000000000000f0      0x180 /usr/bin/../lib/gcc-lib/msp430/3.2.3/../../../../msp430/lib/libc.a(isdigit.o)
                                        0x18c (size before relaxing)
 .stab          0x0000000000000270      0x438 /usr/bin/../lib/gcc-lib/msp430/3.2.3/../../../../msp430/lib/libc.a(strlen.o)
                                        0x444 (size before relaxing)

.stabstr        0x0000000000000000      0x9c2
 *(.stabstr)
 .stabstr       0x0000000000000000      0x9c2 /usr/bin/../lib/gcc-lib/msp430/3.2.3/../../../../msp430/lib/crt430x168.o

.stab.excl
 *(.stab.excl)

.stab.exclstr
 *(.stab.exclstr)

.stab.index
 *(.stab.index)

.stab.indexstr
 *(.stab.indexstr)

.comment
 *(.comment)

.debug
 *(.debug)

.line
 *(.line)

.debug_srcinfo
 *(.debug_srcinfo)

.debug_sfnames
 *(.debug_sfnames)

.debug_aranges
 *(.debug_aranges)

.debug_pubnames
 *(.debug_pubnames)

.debug_info
 *(.debug_info)
 *(.gnu.linkonce.wi.*)

.debug_abbrev
 *(.debug_abbrev)

.debug_line
 *(.debug_line)

.debug_frame
 *(.debug_frame)

.debug_str
 *(.debug_str)

.debug_loc
 *(.debug_loc)

.debug_macinfo
 *(.debug_macinfo)

.debug_pubtypes
 *(.debug_pubtypes)

.debug_ranges
 *(.debug_ranges)
                0x0000000000000a00                PROVIDE (__stack, 0xa00)
                0x0000000000008d18                PROVIDE (__data_start_rom, _etext)
                0x0000000000008d20                PROVIDE (__data_end_rom, (_etext + SIZEOF (.data)))
                0x0000000000008d20                PROVIDE (__noinit_start_rom, (_etext + SIZEOF (.data)))
                0x0000000000008d20                PROVIDE (__noinit_end_rom, ((_etext + SIZEOF (.data)) + SIZEOF (.noinit)))
                0x0000000000000000                PROVIDE (__subdevice_has_heap, 0x0)
OUTPUT(build/kblcd_f1xx.elf elf32-msp430)
